 win32_handmade

 Timestamp is 678d6b3d (Sun Jan 19 22:14:37 2025)

 Preferred load address is 0000000140000000

 Start         Length     Name                   Class
 0001:00000000 0003e240H .text$mn                CODE
 0001:0003e240 00000040H .text$mn$00             CODE
 0001:0003e280 00000a70H .text$mn$21             CODE
 0001:0003ecf0 0000064dH .text$x                 CODE
 0002:00000000 00000380H .idata$5                DATA
 0002:00000380 00000038H .00cfg                  DATA
 0002:000003b8 00000008H .CRT$XCA                DATA
 0002:000003c0 00000008H .CRT$XCAA               DATA
 0002:000003c8 00000008H .CRT$XCZ                DATA
 0002:000003d0 00000008H .CRT$XIA                DATA
 0002:000003d8 00000008H .CRT$XIAA               DATA
 0002:000003e0 00000008H .CRT$XIAC               DATA
 0002:000003e8 00000020H .CRT$XIC                DATA
 0002:00000408 00000008H .CRT$XIZ                DATA
 0002:00000410 00000008H .CRT$XPA                DATA
 0002:00000418 00000010H .CRT$XPX                DATA
 0002:00000428 00000008H .CRT$XPXA               DATA
 0002:00000430 00000008H .CRT$XPZ                DATA
 0002:00000438 00000008H .CRT$XTA                DATA
 0002:00000440 00000010H .CRT$XTZ                DATA
 0002:00000448 00000000H .gehcont$y              DATA
 0002:00000448 00000000H .gfids$y                DATA
 0002:00000450 00010d20H .rdata                  DATA
 0002:00011170 00000190H .rdata$00               DATA
 0002:00011300 00000000H .rdata$CastGuardVftablesA DATA
 0002:00011300 00000000H .rdata$CastGuardVftablesC DATA
 0002:00011300 0000016cH .rdata$r                DATA
 0002:0001146c 000000fcH .rdata$voltmd           DATA
 0002:00011568 00000380H .rdata$zzzdbg           DATA
 0002:000118e8 00000008H .rtc$IAA                DATA
 0002:000118f0 00000008H .rtc$IZZ                DATA
 0002:000118f8 00000008H .rtc$TAA                DATA
 0002:00011900 00000008H .rtc$TZZ                DATA
 0002:00011908 000012e8H .xdata                  DATA
 0002:00012bf0 00000084H .xdata$x                DATA
 0002:00012c74 00000000H .edata                  DATA
 0002:00012c74 00000050H .idata$2                DATA
 0002:00012cc4 00000014H .idata$3                DATA
 0002:00012cd8 00000380H .idata$4                DATA
 0002:00013058 000007b2H .idata$6                DATA
 0003:00000000 00000ad0H .data                   DATA
 0003:00000ad0 00000050H .data$r                 DATA
 0003:00000b20 00000020H .data$rs                DATA
 0003:00000b40 000018c8H .bss                    DATA
 0004:00000000 00003150H .pdata                  DATA

  Address         Publics by Value              Rva+Base               Lib:Object

 0000:00000000       __AbsoluteZero             0000000000000000     <absolute>
 0000:00000000       ___safe_se_handler_count   0000000000000000     <absolute>
 0000:00000000       ___safe_se_handler_table   0000000000000000     <absolute>
 0000:00000000       __arm64x_extra_rfe_table   0000000000000000     <absolute>
 0000:00000000       __arm64x_extra_rfe_table_size 0000000000000000     <absolute>
 0000:00000000       __arm64x_native_entrypoint 0000000000000000     <absolute>
 0000:00000000       __arm64x_redirection_metadata 0000000000000000     <absolute>
 0000:00000000       __arm64x_redirection_metadata_count 0000000000000000     <absolute>
 0000:00000000       __dynamic_value_reloc_table 0000000000000000     <absolute>
 0000:00000000       __enclave_config           0000000000000000     <absolute>
 0000:00000000       __guard_check_icall_a64n_fptr 0000000000000000     <absolute>
 0000:00000000       __guard_eh_cont_count      0000000000000000     <absolute>
 0000:00000000       __guard_eh_cont_table      0000000000000000     <absolute>
 0000:00000000       __guard_fids_count         0000000000000000     <absolute>
 0000:00000000       __guard_fids_table         0000000000000000     <absolute>
 0000:00000000       __guard_iat_count          0000000000000000     <absolute>
 0000:00000000       __guard_iat_table          0000000000000000     <absolute>
 0000:00000000       __guard_longjmp_count      0000000000000000     <absolute>
 0000:00000000       __guard_longjmp_table      0000000000000000     <absolute>
 0000:00000000       __hybrid_auxiliary_delayload_iat 0000000000000000     <absolute>
 0000:00000000       __hybrid_auxiliary_delayload_iat_copy 0000000000000000     <absolute>
 0000:00000000       __hybrid_auxiliary_iat     0000000000000000     <absolute>
 0000:00000000       __hybrid_auxiliary_iat_copy 0000000000000000     <absolute>
 0000:00000000       __hybrid_code_map          0000000000000000     <absolute>
 0000:00000000       __hybrid_code_map_count    0000000000000000     <absolute>
 0000:00000000       __hybrid_image_info_bitfield 0000000000000000     <absolute>
 0000:00000000       __x64_code_ranges_to_entry_points 0000000000000000     <absolute>
 0000:00000000       __x64_code_ranges_to_entry_points_count 0000000000000000     <absolute>
 0000:00000100       __guard_flags              0000000000000100     <absolute>
 0000:00000000       __ImageBase                0000000140000000     <linker-defined>
 0001:00000000       WinMain                    0000000140001000 f   win32_handmade.obj
 0001:000017e0       ?XInputGetStateStub@@YAKKPEAU_XINPUT_STATE@@@Z 00000001400027e0 f   win32_handmade.obj
 0001:00001800       ?XInputSetStateStub@@YAKKPEAU_XINPUT_VIBRATION@@@Z 0000000140002800 f   win32_handmade.obj
 0001:00001a80       ?DEBUGPlatformFreeFileMemory@@YAXPEAUthread_context@@PEAX@Z 0000000140002a80 f   win32_handmade.obj
 0001:00001ac0       ?DEBUGPlatformReadEntireFile@@YA?AUdebug_read_file_result@@PEAUthread_context@@PEAD@Z 0000000140002ac0 f   win32_handmade.obj
 0001:00001c10       ?DEBUGPlatformWriteEntireFile@@YAHPEAUthread_context@@PEADIPEAX@Z 0000000140002c10 f   win32_handmade.obj
 0001:00002100       ?Win32GetWindowDimension@@YA?AUwin32_window_dimension@@PEAUHWND__@@@Z 0000000140003100 f   win32_handmade.obj
 0001:00003210       ?GetController@@YAPEAUgame_controller_input@@PEAUgame_input@@H@Z 0000000140004210 f i win32_handmade.obj
 0001:00003260       ?SafeTruncateUInt64@@YAI_K@Z 0000000140004260 f i win32_handmade.obj
 0001:00003290       ?Win32GetLastWriteTime@@YA?AU_FILETIME@@PEAD@Z 0000000140004290 f i win32_handmade.obj
 0001:00003300       ?Win32GetSecondsElapsed@@YAMT_LARGE_INTEGER@@0@Z 0000000140004300 f i win32_handmade.obj
 0001:00003340       ?Win32GetWallClock@@YA?AT_LARGE_INTEGER@@XZ 0000000140004340 f i win32_handmade.obj
 0001:00003360       __GSHandlerCheck           0000000140004360 f   LIBCMTD:gshandler.obj
 0001:000033a0       __GSHandlerCheckCommon     00000001400043a0 f   LIBCMTD:gshandler.obj
 0001:000034b0       __chkstk                   00000001400044b0 f   LIBCMTD:chkstk.obj
 0001:000034b0       _alloca_probe              00000001400044b0 f   LIBCMTD:chkstk.obj
 0001:00003510       __security_check_cookie    0000000140004510 f   LIBCMTD:amdsecgs.obj
 0001:000037f0       ?configure_argv@__scrt_narrow_argv_policy@@SAHXZ 00000001400047f0 f i LIBCMTD:exe_winmain.obj
 0001:00003810       ?initialize_environment@__scrt_narrow_environment_policy@@SAHXZ 0000000140004810 f i LIBCMTD:exe_winmain.obj
 0001:00003860       ?set_app_type@__scrt_winmain_policy@@SAXXZ 0000000140004860 f i LIBCMTD:exe_winmain.obj
 0001:00003880       ?set_commode@__scrt_file_policy@@SAXXZ 0000000140004880 f i LIBCMTD:exe_winmain.obj
 0001:000038a0       ?set_fmode@__scrt_file_policy@@SAXXZ 00000001400048a0 f i LIBCMTD:exe_winmain.obj
 0001:000038c0       WinMainCRTStartup          00000001400048c0 f   LIBCMTD:exe_winmain.obj
 0001:000038e0       __raise_securityfailure    00000001400048e0 f   LIBCMTD:gs_report.obj
 0001:00003920       __report_gsfailure         0000000140004920 f   LIBCMTD:gs_report.obj
 0001:00003a00       __report_rangecheckfailure 0000000140004a00 f   LIBCMTD:gs_report.obj
 0001:00003a20       __report_securityfailure   0000000140004a20 f   LIBCMTD:gs_report.obj
 0001:00003d80       NtCurrentTeb               0000000140004d80 f i LIBCMTD:utility.obj
 0001:00003d90       __scrt_acquire_startup_lock 0000000140004d90 f   LIBCMTD:utility.obj
 0001:00003e00       __scrt_initialize_crt      0000000140004e00 f   LIBCMTD:utility.obj
 0001:00003e50       __scrt_initialize_onexit_tables 0000000140004e50 f   LIBCMTD:utility.obj
 0001:00003f60       __scrt_is_nonwritable_in_current_image 0000000140004f60 f   LIBCMTD:utility.obj
 0001:00003ff0       __scrt_release_startup_lock 0000000140004ff0 f   LIBCMTD:utility.obj
 0001:00004020       __scrt_uninitialize_crt    0000000140005020 f   LIBCMTD:utility.obj
 0001:00004060       _onexit                    0000000140005060 f   LIBCMTD:utility.obj
 0001:000040e0       atexit                     00000001400050e0 f   LIBCMTD:utility.obj
 0001:000041e0       __security_init_cookie     00000001400051e0 f   LIBCMTD:gs_support.obj
 0001:00004260       ?get_current_state_index@__crt_state_management@@YA_KAEBV__crt_scoped_get_last_error_reset@@@Z 0000000140005260 f   libucrtd:invalid_parameter.obj
 0001:00004260       _matherr                   0000000140005260 f   LIBCMTD:matherr.obj
 0001:00004270       _get_startup_argv_mode     0000000140005270 f   LIBCMTD:argv_mode.obj
 0001:00004280       ?get_current_state_index@__crt_state_management@@YA_KXZ 0000000140005280 f   libucrtd:matherr.obj
 0001:00004280       ?get_invalid_value@__crt_hmodule_traits@@SAPEAUHINSTANCE__@@XZ 0000000140005280 f   libucrtd:exit.obj
 0001:00004280       __scrt_exe_initialize_mta  0000000140005280 f   LIBCMTD:utility_desktop.obj
 0001:00004280       __scrt_initialize_winrt    0000000140005280 f   LIBCMTD:utility_desktop.obj
 0001:00004280       __scrt_stub_for_initialize_mta 0000000140005280 f   LIBCMTD:utility_desktop.obj
 0001:00004280       _get_startup_commit_mode   0000000140005280 f   LIBCMTD:commit_mode.obj
 0001:00004280       _get_startup_new_mode      0000000140005280 f   LIBCMTD:new_mode.obj
 0001:00004280       _get_startup_thread_locale_mode 0000000140005280 f   LIBCMTD:thread_locale.obj
 0001:00004290       _get_startup_file_mode     0000000140005290 f   LIBCMTD:file_mode.obj
 0001:000042a0       ?__scrt_initialize_type_info@@YAXXZ 00000001400052a0 f   LIBCMTD:tncleanup.obj
 0001:000042c0       _should_initialize_environment 00000001400052c0 f   LIBCMTD:env_mode.obj
 0001:000042d0       _initialize_denormal_control 00000001400052d0 f   LIBCMTD:denormal_control.obj
 0001:000042d0       _initialize_invalid_parameter_handler 00000001400052d0 f   LIBCMTD:invalid_parameter_handler.obj
 0001:000042e0       __local_stdio_printf_options 00000001400052e0 f i LIBCMTD:default_local_stdio_options.obj
 0001:000042f0       __local_stdio_scanf_options 00000001400052f0 f i LIBCMTD:default_local_stdio_options.obj
 0001:00004300       __scrt_initialize_default_local_stdio_options 0000000140005300 f   LIBCMTD:default_local_stdio_options.obj
 0001:00004350       __scrt_is_user_matherr_present 0000000140005350 f   LIBCMTD:matherr_detection.obj
 0001:00004380       __scrt_get_dyn_tls_init_callback 0000000140005380 f   LIBCMTD:dyn_tls_init.obj
 0001:00004390       __scrt_get_dyn_tls_dtor_callback 0000000140005390 f   LIBCMTD:dyn_tls_dtor.obj
 0001:000043a0       __crt_debugger_hook        00000001400053a0 f   LIBCMTD:utility_desktop.obj
 0001:000043b0       __scrt_fastfail            00000001400053b0 f   LIBCMTD:utility_desktop.obj
 0001:00004550       __scrt_get_show_window_mode 0000000140005550 f   LIBCMTD:utility_desktop.obj
 0001:000045b0       __scrt_initialize_mta      00000001400055b0 f   LIBCMTD:utility_desktop.obj
 0001:000045c0       __scrt_is_managed_app      00000001400055c0 f   LIBCMTD:utility_desktop.obj
 0001:00004670       __scrt_set_unhandled_exception_filter 0000000140005670 f   LIBCMTD:utility_desktop.obj
 0001:00004690       __scrt_unhandled_exception_filter 0000000140005690 f   LIBCMTD:utility_desktop.obj
 0001:00004730       _RTC_Initialize            0000000140005730 f   LIBCMTD:initsect.obj
 0001:00004780       _RTC_Terminate             0000000140005780 f   LIBCMTD:initsect.obj
 0001:000047d0       ??1?$__crt_simd_cleanup_guard@$0A@@@QEAA@XZ 00000001400057d0 f i libucrtd:strnlen.obj
 0001:000047d0       ??1scoped_global_state_reset@__crt_state_management@@QEAA@XZ 00000001400057d0 f i libucrtd:onexit.obj
 0001:000047d0       _guard_check_icall_nop     00000001400057d0 f i LIBCMTD:guard_support.obj
 0001:000047e0       ReadNoFence64              00000001400057e0 f i LIBCMTD:guard_support.obj
 0001:00004800       ReadPointerNoFence         0000000140005800 f i LIBCMTD:guard_support.obj
 0001:00004820       _guard_icall_checks_enforced 0000000140005820 f i LIBCMTD:guard_support.obj
 0001:00004860       __isa_available_init       0000000140005860 f   LIBCMTD:cpu_disp.obj
 0001:00004d50       __scrt_is_ucrt_dll_in_use  0000000140005d50 f   LIBCMTD:ucrt_detection.obj
 0001:00004d80       __C_specific_handler       0000000140005d80 f   libvcruntimed:riscchandler.obj
 0001:000051f0       __vcrt_initialize          00000001400061f0 f   libvcruntimed:initialization.obj
 0001:00005230       __vcrt_uninitialize        0000000140006230 f   libvcruntimed:initialization.obj
 0001:00005250       ??$?RD@__crt_internal_free_policy@@QEBAXQEBD@Z 0000000140006250 f i libvcruntimed:std_type_info.obj
 0001:00005250       ??$?RU__vcrt_ptd@@@__crt_internal_free_policy@@QEBAXQEBU__vcrt_ptd@@@Z 0000000140006250 f i libvcruntimed:per_thread_data.obj
 0001:00005280       ??0?$__crt_scoped_stack_ptr@_W@@QEAA@U?$__crt_scoped_stack_ptr_tag@_W@@@Z 0000000140006280 f i libucrtd:getstringtypea.obj
 0001:00005280       ??0?$__crt_scoped_stack_ptr_tag@_W@@QEAA@QEA_W@Z 0000000140006280 f i libucrtd:getstringtypea.obj
 0001:00005280       ??0?$__crt_unique_handle_t@U__crt_findfile_traits@@@@QEAA@QEAX@Z 0000000140006280 f i libucrtd:argv_wildcards.obj
 0001:00005280       ??0?$__crt_unique_handle_t@U__crt_hmodule_traits@@@@QEAA@QEAUHINSTANCE__@@@Z 0000000140006280 f i libucrtd:exit.obj
 0001:00005280       ??0?$__crt_unique_heap_ptr@DU__crt_internal_free_policy@@@@QEAA@QEAD@Z 0000000140006280 f i libvcruntimed:std_type_info.obj
 0001:00005280       ??0?$__crt_unique_heap_ptr@DU__crt_public_free_policy@@@@QEAA@QEAD@Z 0000000140006280 f i libvcruntimed:std_exception.obj
 0001:00005280       ??0?$__crt_unique_heap_ptr@EU__crt_internal_free_policy@@@@QEAA@QEAE@Z 0000000140006280 f i libucrtd:argv_parsing.obj
 0001:00005280       ??0?$__crt_unique_heap_ptr@P6AXXZU__crt_internal_free_policy@@@@QEAA@QEAP6AXXZ@Z 0000000140006280 f i libucrtd:onexit.obj
 0001:00005280       ??0?$__crt_unique_heap_ptr@PEADU__crt_internal_free_policy@@@@QEAA@QEAPEAD@Z 0000000140006280 f i libucrtd:argv_parsing.obj
 0001:00005280       ??0?$__crt_unique_heap_ptr@PEAU__crt_stdio_stream_data@@U__crt_internal_free_policy@@@@QEAA@QEAPEAU__crt_stdio_stream_data@@@Z 0000000140006280 f i libucrtd:_file.obj
 0001:00005280       ??0?$__crt_unique_heap_ptr@U__acrt_ptd@@U__crt_internal_free_policy@@@@QEAA@QEAU__acrt_ptd@@@Z 0000000140006280 f i libucrtd:per_thread_data.obj
 0001:00005280       ??0?$__crt_unique_heap_ptr@U__crt_lowio_handle_data@@U__crt_internal_free_policy@@@@QEAA@QEAU__crt_lowio_handle_data@@@Z 0000000140006280 f i libucrtd:osfinfo.obj
 0001:00005280       ??0?$__crt_unique_heap_ptr@U__crt_multibyte_data@@U__crt_internal_free_policy@@@@QEAA@QEAU__crt_multibyte_data@@@Z 0000000140006280 f i libucrtd:wsetlocale.obj
 0001:00005280       ??0?$__crt_unique_heap_ptr@U__vcrt_ptd@@U__crt_internal_free_policy@@@@QEAA@QEAU__vcrt_ptd@@@Z 0000000140006280 f i libvcruntimed:per_thread_data.obj
 0001:00005280       ??0?$string_output_adapter@D@__crt_stdio_output@@QEAA@QEAU?$string_output_adapter_context@D@1@@Z 0000000140006280 f i libucrtd:output.obj
 0001:00005280       ??0?$string_output_adapter@_W@__crt_stdio_output@@QEAA@QEAU?$string_output_adapter_context@_W@1@@Z 0000000140006280 f i libucrtd:output.obj
 0001:00005280       ??0__crt_stdio_stream@@QEAA@QEAU__crt_stdio_stream_data@@@Z 0000000140006280 f i libucrtd:fflush.obj
 0001:00005280       ??0__crt_stdio_stream@@QEAA@QEAU_iobuf@@@Z 0000000140006280 f i libucrtd:output.obj
 0001:000052a0       ??1?$__crt_unique_heap_ptr@DU__crt_internal_free_policy@@@@QEAA@XZ 00000001400062a0 f i libvcruntimed:std_type_info.obj
 0001:000052a0       ??1?$__crt_unique_heap_ptr@U__vcrt_ptd@@U__crt_internal_free_policy@@@@QEAA@XZ 00000001400062a0 f i libvcruntimed:per_thread_data.obj
 0001:000052c0       ??B?$__crt_unique_heap_ptr@DU__crt_internal_free_policy@@@@QEBA_NXZ 00000001400062c0 f i libvcruntimed:std_type_info.obj
 0001:000052c0       ??B?$__crt_unique_heap_ptr@DU__crt_public_free_policy@@@@QEBA_NXZ 00000001400062c0 f i libvcruntimed:std_exception.obj
 0001:000052c0       ??B?$__crt_unique_heap_ptr@EU__crt_internal_free_policy@@@@QEBA_NXZ 00000001400062c0 f i libucrtd:argv_parsing.obj
 0001:000052c0       ??B?$__crt_unique_heap_ptr@PEADU__crt_internal_free_policy@@@@QEBA_NXZ 00000001400062c0 f i libucrtd:environment_initialization.obj
 0001:000052c0       ??B?$__crt_unique_heap_ptr@U__acrt_ptd@@U__crt_internal_free_policy@@@@QEBA_NXZ 00000001400062c0 f i libucrtd:per_thread_data.obj
 0001:000052c0       ??B?$__crt_unique_heap_ptr@U__crt_lowio_handle_data@@U__crt_internal_free_policy@@@@QEBA_NXZ 00000001400062c0 f i libucrtd:osfinfo.obj
 0001:000052c0       ??B?$__crt_unique_heap_ptr@U__crt_multibyte_data@@U__crt_internal_free_policy@@@@QEBA_NXZ 00000001400062c0 f i libucrtd:wsetlocale.obj
 0001:000052c0       ??B?$__crt_unique_heap_ptr@U__vcrt_ptd@@U__crt_internal_free_policy@@@@QEBA_NXZ 00000001400062c0 f i libvcruntimed:per_thread_data.obj
 0001:000052e0       ?__crt_interlocked_read_64@@YA_JPED_J@Z 00000001400062e0 f i libvcruntimed:std_type_info.obj
 0001:00005300       ??C__crt_stdio_stream@@QEBAPEAU__crt_stdio_stream_data@@XZ 0000000140006300 f i libucrtd:output.obj
 0001:00005300       ?get@?$__crt_scoped_stack_ptr@_W@@QEBAPEA_WXZ 0000000140006300 f i libucrtd:getstringtypea.obj
 0001:00005300       ?get@?$__crt_unique_handle_t@U__crt_findfile_traits@@@@QEBAPEAXXZ 0000000140006300 f i libucrtd:argv_wildcards.obj
 0001:00005300       ?get@?$__crt_unique_handle_t@U__crt_hmodule_traits@@@@QEBAPEAUHINSTANCE__@@XZ 0000000140006300 f i libucrtd:exit.obj
 0001:00005300       ?get@?$__crt_unique_heap_ptr@DU__crt_internal_free_policy@@@@QEBAPEADXZ 0000000140006300 f i libvcruntimed:std_type_info.obj
 0001:00005300       ?get@?$__crt_unique_heap_ptr@DU__crt_public_free_policy@@@@QEBAPEADXZ 0000000140006300 f i libvcruntimed:std_exception.obj
 0001:00005300       ?get@?$__crt_unique_heap_ptr@EU__crt_internal_free_policy@@@@QEBAPEAEXZ 0000000140006300 f i libucrtd:argv_parsing.obj
 0001:00005300       ?get@?$__crt_unique_heap_ptr@PEADU__crt_internal_free_policy@@@@QEBAPEAPEADXZ 0000000140006300 f i libucrtd:argv_parsing.obj
 0001:00005300       ?get@?$__crt_unique_heap_ptr@U__acrt_ptd@@U__crt_internal_free_policy@@@@QEBAPEAU__acrt_ptd@@XZ 0000000140006300 f i libucrtd:per_thread_data.obj
 0001:00005300       ?get@?$__crt_unique_heap_ptr@U__crt_lowio_handle_data@@U__crt_internal_free_policy@@@@QEBAPEAU__crt_lowio_handle_data@@XZ 0000000140006300 f i libucrtd:osfinfo.obj
 0001:00005300       ?get@?$__crt_unique_heap_ptr@U__crt_multibyte_data@@U__crt_internal_free_policy@@@@QEBAPEAU__crt_multibyte_data@@XZ 0000000140006300 f i libucrtd:wsetlocale.obj
 0001:00005300       ?get@?$__crt_unique_heap_ptr@U__vcrt_ptd@@U__crt_internal_free_policy@@@@QEBAPEAU__vcrt_ptd@@XZ 0000000140006300 f i libvcruntimed:per_thread_data.obj
 0001:00005300       ?public_stream@__crt_stdio_stream@@QEBAPEAU_iobuf@@XZ 0000000140006300 f i libucrtd:output.obj
 0001:00005300       ?save_state@?$c_string_character_source@D@__crt_strtox@@QEBAPEBDXZ 0000000140006300 f i libucrtd:output.obj
 0001:00005300       ?save_state@?$c_string_character_source@_W@__crt_strtox@@QEBAPEB_WXZ 0000000140006300 f i libucrtd:output.obj
 0001:00005310       ??B?$__crt_scoped_stack_ptr@_W@@QEBA_NXZ 0000000140006310 f i libucrtd:lcmapstringa.obj
 0001:00005310       ?is_valid@?$__crt_unique_heap_ptr@DU__crt_internal_free_policy@@@@QEBA_NXZ 0000000140006310 f i libvcruntimed:std_type_info.obj
 0001:00005310       ?is_valid@?$__crt_unique_heap_ptr@DU__crt_public_free_policy@@@@QEBA_NXZ 0000000140006310 f i libvcruntimed:std_exception.obj
 0001:00005310       ?is_valid@?$__crt_unique_heap_ptr@EU__crt_internal_free_policy@@@@QEBA_NXZ 0000000140006310 f i libucrtd:argv_parsing.obj
 0001:00005310       ?is_valid@?$__crt_unique_heap_ptr@PEADU__crt_internal_free_policy@@@@QEBA_NXZ 0000000140006310 f i libucrtd:environment_initialization.obj
 0001:00005310       ?is_valid@?$__crt_unique_heap_ptr@U__acrt_ptd@@U__crt_internal_free_policy@@@@QEBA_NXZ 0000000140006310 f i libucrtd:per_thread_data.obj
 0001:00005310       ?is_valid@?$__crt_unique_heap_ptr@U__crt_lowio_handle_data@@U__crt_internal_free_policy@@@@QEBA_NXZ 0000000140006310 f i libucrtd:osfinfo.obj
 0001:00005310       ?is_valid@?$__crt_unique_heap_ptr@U__crt_multibyte_data@@U__crt_internal_free_policy@@@@QEBA_NXZ 0000000140006310 f i libucrtd:wsetlocale.obj
 0001:00005310       ?is_valid@?$__crt_unique_heap_ptr@U__vcrt_ptd@@U__crt_internal_free_policy@@@@QEBA_NXZ 0000000140006310 f i libvcruntimed:per_thread_data.obj
 0001:00005310       ?valid@__crt_stdio_stream@@QEBA_NXZ 0000000140006310 f i libucrtd:output.obj
 0001:00005340       ?release@?$__crt_unique_heap_ptr@DU__crt_internal_free_policy@@@@QEAAXXZ 0000000140006340 f i libvcruntimed:std_type_info.obj
 0001:00005340       ?release@?$__crt_unique_heap_ptr@U__vcrt_ptd@@U__crt_internal_free_policy@@@@QEAAXXZ 0000000140006340 f i libvcruntimed:per_thread_data.obj
 0001:00005370       __std_type_info_compare    0000000140006370 f   libvcruntimed:std_type_info.obj
 0001:000053b0       __DestructExceptionObject  00000001400063b0 f   libvcruntimed:ehhelpers.obj
 0001:000054b0       ?_CallMemberFunction0@@YAXQEAX0@Z 00000001400064b0 f i libvcruntimed:ehhelpers.obj
 0001:00005590       _IsExceptionObjectToBeDestroyed 0000000140006590 f   libvcruntimed:ehhelpers.obj
 0001:000055e0       __AdjustPointer            00000001400065e0 f   libvcruntimed:ehhelpers.obj
 0001:00005660       __FrameUnwindFilter        0000000140006660 f   libvcruntimed:ehhelpers.obj
 0001:00005710       __current_exception        0000000140006710 f   libvcruntimed:ehhelpers.obj
 0001:00005730       __current_exception_context 0000000140006730 f   libvcruntimed:ehhelpers.obj
 0001:00005780       _NLG_Notify                0000000140006780 f   libvcruntimed:notify.obj
 0001:000057a0       __NLG_Dispatch2            00000001400067a0 f   libvcruntimed:notify.obj
 0001:000057b0       __NLG_Return2              00000001400067b0 f   libvcruntimed:notify.obj
 0001:000057c0       __except_validate_context_record 00000001400067c0 f   libvcruntimed:jbcxrval.obj
 0001:00005860       ?detach@?$__crt_unique_heap_ptr@DU__crt_internal_free_policy@@@@QEAAPEADXZ 0000000140006860 f i libucrtd:environment_initialization.obj
 0001:00005860       ?detach@?$__crt_unique_heap_ptr@DU__crt_public_free_policy@@@@QEAAPEADXZ 0000000140006860 f i libvcruntimed:std_exception.obj
 0001:00005860       ?detach@?$__crt_unique_heap_ptr@EU__crt_internal_free_policy@@@@QEAAPEAEXZ 0000000140006860 f i libucrtd:argv_parsing.obj
 0001:00005860       ?detach@?$__crt_unique_heap_ptr@P6AXXZU__crt_internal_free_policy@@@@QEAAPEAP6AXXZXZ 0000000140006860 f i libucrtd:onexit.obj
 0001:00005860       ?detach@?$__crt_unique_heap_ptr@PEADU__crt_internal_free_policy@@@@QEAAPEAPEADXZ 0000000140006860 f i libucrtd:argv_parsing.obj
 0001:00005860       ?detach@?$__crt_unique_heap_ptr@PEAU__crt_stdio_stream_data@@U__crt_internal_free_policy@@@@QEAAPEAPEAU__crt_stdio_stream_data@@XZ 0000000140006860 f i libucrtd:_file.obj
 0001:00005860       ?detach@?$__crt_unique_heap_ptr@U__acrt_ptd@@U__crt_internal_free_policy@@@@QEAAPEAU__acrt_ptd@@XZ 0000000140006860 f i libucrtd:per_thread_data.obj
 0001:00005860       ?detach@?$__crt_unique_heap_ptr@U__crt_lowio_handle_data@@U__crt_internal_free_policy@@@@QEAAPEAU__crt_lowio_handle_data@@XZ 0000000140006860 f i libucrtd:osfinfo.obj
 0001:00005860       ?detach@?$__crt_unique_heap_ptr@U__crt_multibyte_data@@U__crt_internal_free_policy@@@@QEAAPEAU__crt_multibyte_data@@XZ 0000000140006860 f i libucrtd:wsetlocale.obj
 0001:00005860       ?detach@?$__crt_unique_heap_ptr@U__vcrt_ptd@@U__crt_internal_free_policy@@@@QEAAPEAU__vcrt_ptd@@XZ 0000000140006860 f i libvcruntimed:per_thread_data.obj
 0001:000058d0       __vcrt_freefls             00000001400068d0 f   libvcruntimed:per_thread_data.obj
 0001:00005910       __vcrt_getptd              0000000140006910 f   libvcruntimed:per_thread_data.obj
 0001:00005940       __vcrt_getptd_noexit       0000000140006940 f   libvcruntimed:per_thread_data.obj
 0001:00005ae0       __vcrt_initialize_ptd      0000000140006ae0 f   libvcruntimed:per_thread_data.obj
 0001:00005b30       __vcrt_uninitialize_ptd    0000000140006b30 f   libvcruntimed:per_thread_data.obj
 0001:00005b60       __vcrt_initialize_locks    0000000140006b60 f   libvcruntimed:locks.obj
 0001:00005bd0       __vcrt_uninitialize_locks  0000000140006bd0 f   libvcruntimed:locks.obj
 0001:00005c30       _vsprintf_s_l              0000000140006c30 f i libvcruntimed:undname.obj
 0001:00005ca0       sprintf_s                  0000000140006ca0 f i libvcruntimed:undname.obj
 0001:00005d00       ??$__crt_interlocked_exchange_pointer@UHINSTANCE__@@PEAU1@@@YAPEAUHINSTANCE__@@PEDSEAU0@QEAU0@@Z 0000000140006d00 f i libvcruntimed:winapi_downlevel.obj
 0001:00005d00       ??$__crt_interlocked_exchange_pointer@UHINSTANCE__@@PEAX@@YAPEAUHINSTANCE__@@PEDSEAU0@QEAX@Z 0000000140006d00 f i libvcruntimed:winapi_downlevel.obj
 0001:00005d00       ??$__crt_interlocked_exchange_pointer@XPEAX@@YAPEAXPEDSEAXQEAX@Z 0000000140006d00 f i libvcruntimed:winapi_downlevel.obj
 0001:00005d20       ??$__crt_interlocked_read_pointer@UHINSTANCE__@@@@YAPEAUHINSTANCE__@@PEDSEAU0@@Z 0000000140006d20 f i libvcruntimed:winapi_downlevel.obj
 0001:00005d20       ??$__crt_interlocked_read_pointer@X@@YAPEAXPEDSEAX@Z 0000000140006d20 f i libvcruntimed:winapi_downlevel.obj
 0001:00005d40       ?get_invalid_value@__crt_findfile_traits@@SAPEAXXZ 0000000140006d40 f   libucrtd:argv_wildcards.obj
 0001:00006230       __vcrt_FlsAlloc            0000000140007230 f   libvcruntimed:winapi_downlevel.obj
 0001:00006280       __vcrt_FlsFree             0000000140007280 f   libvcruntimed:winapi_downlevel.obj
 0001:000062d0       __vcrt_FlsGetValue         00000001400072d0 f   libvcruntimed:winapi_downlevel.obj
 0001:00006320       __vcrt_FlsSetValue         0000000140007320 f   libvcruntimed:winapi_downlevel.obj
 0001:00006380       __vcrt_InitializeCriticalSectionEx 0000000140007380 f   libvcruntimed:winapi_downlevel.obj
 0001:000063f0       ??$?0AEAViterator@TryBlockMap@__FrameHandler3@@AEAV012@$0A@@?$pair@Viterator@TryBlockMap@__FrameHandler3@@V123@@std@@QEAA@AEAViterator@TryBlockMap@__FrameHandler3@@0@Z 00000001400073f0 f i libvcruntimed:risctrnsctrl.obj
 0001:00006500       ??$_CallSETranslator@V__FrameHandler3@@@@YAHPEAUEHExceptionRecord@@PEA_KPEAU_CONTEXT@@PEAU_xDISPATCHER_CONTEXT@@PEBU_s_FuncInfo@@K1H@Z 0000000140007500 f i libvcruntimed:risctrnsctrl.obj
 0001:00006590       ??0iterator@HandlerMap@__FrameHandler3@@QEAA@AEAV12@I@Z 0000000140007590 f i libvcruntimed:frame.obj
 0001:00006590       ??0iterator@TryBlockMap@__FrameHandler3@@QEAA@AEAV12@I@Z 0000000140007590 f i libvcruntimed:risctrnsctrl.obj
 0001:000065c0       ?CatchTryBlock@__FrameHandler3@@SAPEBU_s_TryBlockMapEntry@@PEBU_s_FuncInfo@@H@Z 00000001400075c0 f   libvcruntimed:risctrnsctrl.obj
 0001:00006650       ?ExecutionInCatch@__FrameHandler3@@SA_NPEAU_xDISPATCHER_CONTEXT@@PEBU_s_FuncInfo@@@Z 0000000140007650 f   libvcruntimed:risctrnsctrl.obj
 0001:000066a0       ?FrameUnwindToEmptyState@__FrameHandler3@@SAXPEA_KPEAU_xDISPATCHER_CONTEXT@@PEBU_s_FuncInfo@@@Z 00000001400076a0 f   libvcruntimed:risctrnsctrl.obj
 0001:00006740       ?GetEstablisherFrame@__FrameHandler3@@SAPEA_KPEA_KPEAU_xDISPATCHER_CONTEXT@@PEBU_s_FuncInfo@@0@Z 0000000140007740 f   libvcruntimed:risctrnsctrl.obj
 0001:000068b0       ?GetRangeOfTrysToCheck@__FrameHandler3@@SA?AU?$pair@Viterator@TryBlockMap@__FrameHandler3@@V123@@std@@AEAVTryBlockMap@1@HPEAU_xDISPATCHER_CONTEXT@@PEBU_s_FuncInfo@@H@Z 00000001400078b0 f   libvcruntimed:risctrnsctrl.obj
 0001:00006af0       ?UnwindNestedFrames@__FrameHandler3@@SAXPEA_KPEAUEHExceptionRecord@@PEAU_CONTEXT@@0PEAXPEBU_s_FuncInfo@@HHPEBU_s_HandlerType@@PEAU_xDISPATCHER_CONTEXT@@E@Z 0000000140007af0 f   libvcruntimed:risctrnsctrl.obj
 0001:00006c60       _CreateFrameInfo           0000000140007c60 f   libvcruntimed:risctrnsctrl.obj
 0001:00006cd0       _FindAndUnlinkFrame        0000000140007cd0 f   libvcruntimed:risctrnsctrl.obj
 0001:00006d50       _GetImageBase              0000000140007d50 f   libvcruntimed:risctrnsctrl.obj
 0001:00006d70       _GetThrowImageBase         0000000140007d70 f   libvcruntimed:risctrnsctrl.obj
 0001:00006d90       _SetImageBase              0000000140007d90 f   libvcruntimed:risctrnsctrl.obj
 0001:00006db0       _SetThrowImageBase         0000000140007db0 f   libvcruntimed:risctrnsctrl.obj
 0001:00006dd0       __CxxFrameHandler3         0000000140007dd0 f   libvcruntimed:risctrnsctrl.obj
 0001:00006eb0       ?GetCurrentState@__FrameHandler3@@SAHPEA_KPEAU_xDISPATCHER_CONTEXT@@PEBU_s_FuncInfo@@@Z 0000000140007eb0 f   libvcruntimed:ehstate.obj
 0001:00006f10       ?GetUnwindTryBlock@__FrameHandler3@@SAHPEA_KPEAU_xDISPATCHER_CONTEXT@@PEBU_s_FuncInfo@@@Z 0000000140007f10 f   libvcruntimed:ehstate.obj
 0001:00006f60       ?SetState@__FrameHandler3@@SAXPEA_KPEBU_s_FuncInfo@@H@Z 0000000140007f60 f   libvcruntimed:ehstate.obj
 0001:00006f90       ?SetUnwindTryBlock@__FrameHandler3@@SAXPEA_KPEAU_xDISPATCHER_CONTEXT@@PEBU_s_FuncInfo@@H@Z 0000000140007f90 f   libvcruntimed:ehstate.obj
 0001:00007000       ?StateFromControlPc@__FrameHandler3@@SAHPEBU_s_FuncInfo@@PEAU_xDISPATCHER_CONTEXT@@@Z 0000000140008000 f   libvcruntimed:ehstate.obj
 0001:00007040       ?StateFromIp@__FrameHandler3@@SAHPEBU_s_FuncInfo@@PEAU_xDISPATCHER_CONTEXT@@_K@Z 0000000140008040 f   libvcruntimed:ehstate.obj
 0001:00007140       ?__RVAtoRealOffset@@YA_KPEAU_xDISPATCHER_CONTEXT@@H@Z 0000000140008140 f i libvcruntimed:ehstate.obj
 0001:00008330       ??$TypeMatchHelper@V__FrameHandler3@@@@YAHPEBU_s_HandlerType@@PEBU_s_CatchableType@@PEBU_s_ThrowInfo@@@Z 0000000140009330 f i libvcruntimed:frame.obj
 0001:00008530       ??$__InternalCxxFrameHandler@V__FrameHandler3@@@@YA?AW4_EXCEPTION_DISPOSITION@@PEAUEHExceptionRecord@@PEA_KPEAU_CONTEXT@@PEAU_xDISPATCHER_CONTEXT@@PEBU_s_FuncInfo@@H1E@Z 0000000140009530 f i libvcruntimed:frame.obj
 0001:000089b0       ??$__InternalCxxFrameHandlerWrapper@V__FrameHandler3@@@@YA?AW4_EXCEPTION_DISPOSITION@@PEAUEHExceptionRecord@@PEA_KPEAU_CONTEXT@@PEAU_xDISPATCHER_CONTEXT@@PEBU_s_FuncInfo@@H1E@Z 00000001400099b0 f i libvcruntimed:frame.obj
 0001:00008a20       ??0HandlerMap@__FrameHandler3@@QEAA@PEBU_s_TryBlockMapEntry@@_KI@Z 0000000140009a20 f i libvcruntimed:frame.obj
 0001:00008a70       ??0TryBlockMap@__FrameHandler3@@QEAA@PEBU_s_FuncInfo@@_K@Z 0000000140009a70 f i libvcruntimed:frame.obj
 0001:00008aa0       ??0bad_exception@std@@QEAA@AEBV01@@Z 0000000140009aa0 f i libvcruntimed:frame.obj
 0001:00008ae0       ??0bad_exception@std@@QEAA@XZ 0000000140009ae0 f i libvcruntimed:frame.obj
 0001:00008b20       ??0exception@std@@QEAA@AEBV01@@Z 0000000140009b20 f i libvcruntimed:frame.obj
 0001:00008b80       ??0exception@std@@QEAA@QEBDH@Z 0000000140009b80 f i libvcruntimed:frame.obj
 0001:00008bd0       ??1bad_exception@std@@UEAA@XZ 0000000140009bd0 f i libvcruntimed:frame.obj
 0001:00008bf0       ??1exception@std@@UEAA@XZ  0000000140009bf0 f i libvcruntimed:frame.obj
 0001:00008c20       ??8iterator@HandlerMap@__FrameHandler3@@QEBA_NAEBV012@@Z 0000000140009c20 f i libvcruntimed:frame.obj
 0001:00008c60       ??8type_info@@QEBA_NAEBV0@@Z 0000000140009c60 f i libvcruntimed:frame.obj
 0001:00008ce0       ??9iterator@HandlerMap@__FrameHandler3@@QEBA_NAEBV012@@Z 0000000140009ce0 f i libvcruntimed:frame.obj
 0001:00008d20       ??Diterator@HandlerMap@__FrameHandler3@@QEAA?BU_s_HandlerType@@XZ 0000000140009d20 f i libvcruntimed:frame.obj
 0001:00008d60       ??Diterator@TryBlockMap@__FrameHandler3@@QEAA?BU_s_TryBlockMapEntry@@XZ 0000000140009d60 f i libvcruntimed:frame.obj
 0001:00008db0       ??Eiterator@HandlerMap@__FrameHandler3@@QEAAAEAV012@XZ 0000000140009db0 f i libvcruntimed:frame.obj
 0001:00008db0       ??Eiterator@TryBlockMap@__FrameHandler3@@QEAAAEAV012@XZ 0000000140009db0 f i libvcruntimed:frame.obj
 0001:00008dd0       ??Miterator@TryBlockMap@__FrameHandler3@@QEBA_NAEBV012@@Z 0000000140009dd0 f i libvcruntimed:frame.obj
 0001:00008e10       ??_Ebad_exception@std@@UEAAPEAXI@Z 0000000140009e10 f i libvcruntimed:frame.obj
 0001:00008e10       ??_Gbad_exception@std@@UEAAPEAXI@Z 0000000140009e10 f i libvcruntimed:frame.obj
 0001:00008e50       ??_Eexception@std@@UEAAPEAXI@Z 0000000140009e50 f i libvcruntimed:frame.obj
 0001:00008e50       ??_Gexception@std@@UEAAPEAXI@Z 0000000140009e50 f i libvcruntimed:frame.obj
 0001:00008e90       ?BuildCatchObject@__FrameHandler3@@SAXPEAUEHExceptionRecord@@PEAXPEBU_s_HandlerType@@PEBU_s_CatchableType@@@Z 0000000140009e90 f   libvcruntimed:frame.obj
 0001:00008ed0       ?CxxCallCatchBlock@__FrameHandler3@@SAPEAXPEAU_EXCEPTION_RECORD@@@Z 0000000140009ed0 f   libvcruntimed:frame.obj
 0001:00009230       ?FrameUnwindToState@__FrameHandler3@@SAXPEA_KPEAU_xDISPATCHER_CONTEXT@@PEBU_s_FuncInfo@@H@Z 000000014000a230 f   libvcruntimed:frame.obj
 0001:00009480       ?GetHandlerSearchState@__FrameHandler3@@SAHPEA_KPEAU_xDISPATCHER_CONTEXT@@PEBU_s_FuncInfo@@@Z 000000014000a480 f i libvcruntimed:frame.obj
 0001:00009530       ?GetMaxState@__FrameHandler3@@SAHPEAU_xDISPATCHER_CONTEXT@@PEBU_s_FuncInfo@@@Z 000000014000a530 f i libvcruntimed:frame.obj
 0001:00009730       ?TypeMatch@__FrameHandler3@@SAHPEBU_s_HandlerType@@PEBU_s_CatchableType@@PEBU_s_ThrowInfo@@@Z 000000014000a730 f   libvcruntimed:frame.obj
 0001:00009730       __TypeMatch                000000014000a730 f   libvcruntimed:frame.obj
 0001:00009760       ?_CallMemberFunction1@@YAXQEAX00@Z 000000014000a760 f i libvcruntimed:frame.obj
 0001:000097a0       ?_CallMemberFunction2@@YAXQEAX00H@Z 000000014000a7a0 f i libvcruntimed:frame.obj
 0001:00009830       ?begin@HandlerMap@__FrameHandler3@@QEAA?AViterator@12@XZ 000000014000a830 f i libvcruntimed:frame.obj
 0001:00009860       ?end@HandlerMap@__FrameHandler3@@QEAA?AViterator@12@XZ 000000014000a860 f i libvcruntimed:frame.obj
 0001:00009890       ?getESTypes@__FrameHandler3@@SAPEBU_s_ESTypeList@@PEBU_s_FuncInfo@@@Z 000000014000a890 f i libvcruntimed:frame.obj
 0001:000098d0       ?getLastEntry@HandlerMap@__FrameHandler3@@QEAAPEBU_s_HandlerType@@XZ 000000014000a8d0 f i libvcruntimed:frame.obj
 0001:000098f0       ?getMagicNum@__FrameHandler3@@SAIPEBU_s_FuncInfo@@@Z 000000014000a8f0 f i libvcruntimed:frame.obj
 0001:00009910       ?getNumTryBlocks@TryBlockMap@__FrameHandler3@@QEAAIXZ 000000014000a910 f i libvcruntimed:frame.obj
 0001:00009930       ?isEHs@__FrameHandler3@@SA_NPEBU_s_FuncInfo@@@Z 000000014000a930 f i libvcruntimed:frame.obj
 0001:00009970       ?isNoExcept@__FrameHandler3@@SA_NPEBU_s_FuncInfo@@@Z 000000014000a970 f i libvcruntimed:frame.obj
 0001:000099b0       ?what@exception@std@@UEBAPEBDXZ 000000014000a9b0 f i libvcruntimed:frame.obj
 0001:000099f0       __vcrt_EncodePointer       000000014000a9f0 f i libvcruntimed:frame.obj
 0001:00009a50       _CallSettingFrame          000000014000aa50 f   libvcruntimed:handlers.obj
 0001:00009a90       ??$?RD@__crt_public_free_policy@@QEBAXQEBD@Z 000000014000aa90 f i libvcruntimed:std_exception.obj
 0001:00009ab0       ??1?$__crt_unique_heap_ptr@DU__crt_public_free_policy@@@@QEAA@XZ 000000014000aab0 f i libvcruntimed:std_exception.obj
 0001:00009ad0       ?release@?$__crt_unique_heap_ptr@DU__crt_public_free_policy@@@@QEAAXXZ 000000014000aad0 f i libvcruntimed:std_exception.obj
 0001:00009b00       __std_exception_copy       000000014000ab00 f   libvcruntimed:std_exception.obj
 0001:00009c40       __std_exception_destroy    000000014000ac40 f   libvcruntimed:std_exception.obj
 0001:00009c80       _CxxThrowException         000000014000ac80 f   libvcruntimed:throw.obj
 0001:00009e30       _seh_filter_exe            000000014000ae30 f   libucrtd:exception_filter.obj
 0001:0000a2d0       __acrt_report_runtime_error 000000014000b2d0 f   libucrtd:report_runtime_error.obj
 0001:0000a550       _invoke_watson_if_error    000000014000b550 f i libucrtd:report_runtime_error.obj
 0001:0000a5a0       _query_app_type            000000014000b5a0 f   libucrtd:report_runtime_error.obj
 0001:0000a5b0       _set_app_type              000000014000b5b0 f   libucrtd:report_runtime_error.obj
 0001:0000a5c0       ??$__crt_fast_decode_pointer@P6AHPEAU_exception@@@Z@@YAP6AHPEAU_exception@@@ZQ6AH0@Z@Z 000000014000b5c0 f i libucrtd:matherr.obj
 0001:0000a5c0       ??$__crt_fast_decode_pointer@P6AH_K@Z@@YAP6AH_K@ZQ6AH0@Z@Z 000000014000b5c0 f i libucrtd:new_handler.obj
 0001:0000a5c0       ??$__crt_fast_decode_pointer@P6AXH@Z@@YAP6AXH@ZQ6AXH@Z@Z 000000014000b5c0 f i libucrtd:signal.obj
 0001:0000a5c0       ??$__crt_fast_decode_pointer@P6AXPEAXK0@Z@@YAP6AXPEAXK0@ZQ6AX0K0@Z@Z 000000014000b5c0 f i libucrtd:exit.obj
 0001:0000a5c0       ??$__crt_fast_decode_pointer@P6AXPEB_W00I_K@Z@@YAP6AXPEB_W00I_K@ZQ6AX000I1@Z@Z 000000014000b5c0 f i libucrtd:invalid_parameter.obj
 0001:0000a5c0       ??$__crt_fast_decode_pointer@P6AXXZ@@YAP6AXXZQ6AXXZ@Z 000000014000b5c0 f i libucrtd:onexit.obj
 0001:0000a5c0       ??$__crt_fast_decode_pointer@PEAP6AXXZ@@YAPEAP6AXXZQEAP6AXXZ@Z 000000014000b5c0 f i libucrtd:onexit.obj
 0001:0000a5c0       ??$__crt_fast_decode_pointer@PEAX@@YAPEAXQEAX@Z 000000014000b5c0 f i libucrtd:winapi_thunks.obj
 0001:0000a600       ??$__crt_fast_encode_pointer@P6AHPEAU_exception@@@Z@@YAP6AHPEAU_exception@@@ZQ6AH0@Z@Z 000000014000b600 f i libucrtd:matherr.obj
 0001:0000a600       ??$__crt_fast_encode_pointer@P6AHXZ@@YAP6AHXZQ6AHXZ@Z 000000014000b600 f i libucrtd:onexit.obj
 0001:0000a600       ??$__crt_fast_encode_pointer@P6AXH@Z@@YAP6AXH@ZQ6AXH@Z@Z 000000014000b600 f i libucrtd:signal.obj
 0001:0000a600       ??$__crt_fast_encode_pointer@P6AXPEAXK0@Z@@YAP6AXPEAXK0@ZQ6AX0K0@Z@Z 000000014000b600 f i libucrtd:exit.obj
 0001:0000a600       ??$__crt_fast_encode_pointer@P6AXXZ@@YAP6AXXZQ6AXXZ@Z 000000014000b600 f i libucrtd:onexit.obj
 0001:0000a600       ??$__crt_fast_encode_pointer@PEAP6AXXZ@@YAPEAP6AXXZQEAP6AXXZ@Z 000000014000b600 f i libucrtd:onexit.obj
 0001:0000a600       ??$__crt_fast_encode_pointer@PEAX@@YAPEAXQEAX@Z 000000014000b600 f i libucrtd:initialization.obj
 0001:0000a640       ?__crt_rotate_pointer_value@@YA_K_KH@Z 000000014000b640 f i libucrtd:matherr.obj
 0001:0000a660       ?initialize@?$dual_state_global@P6AHPEAU_exception@@@Z@__crt_state_management@@QEAAXQ6AHPEAU_exception@@@Z@Z 000000014000b660 f i libucrtd:matherr.obj
 0001:0000a660       ?initialize@?$dual_state_global@P6AH_K@Z@__crt_state_management@@QEAAXQ6AH_K@Z@Z 000000014000b660 f i libucrtd:new_handler.obj
 0001:0000a660       ?initialize@?$dual_state_global@P6AXH@Z@__crt_state_management@@QEAAXQ6AXH@Z@Z 000000014000b660 f i libucrtd:signal.obj
 0001:0000a660       ?initialize@?$dual_state_global@PEAPEAD@__crt_state_management@@QEAAXQEAPEAD@Z 000000014000b660 f i libucrtd:environment_initialization.obj
 0001:0000a660       ?initialize@?$dual_state_global@PEAU__crt_locale_data@@@__crt_state_management@@QEAAXQEAU__crt_locale_data@@@Z 000000014000b660 f i libucrtd:initialization.obj
 0001:0000a660       ?initialize@?$dual_state_global@PEAU__crt_multibyte_data@@@__crt_state_management@@QEAAXQEAU__crt_multibyte_data@@@Z 000000014000b660 f i libucrtd:mbctype.obj
 0001:0000a6b0       ?value@?$dual_state_global@P6AHPEAU_exception@@@Z@__crt_state_management@@QEAAAEAP6AHPEAU_exception@@@ZXZ 000000014000b6b0 f i libucrtd:matherr.obj
 0001:0000a6b0       ?value@?$dual_state_global@P6AH_K@Z@__crt_state_management@@QEAAAEAP6AH_K@ZXZ 000000014000b6b0 f i libucrtd:new_handler.obj
 0001:0000a6b0       ?value@?$dual_state_global@P6AXH@Z@__crt_state_management@@QEAAAEAP6AXH@ZXZ 000000014000b6b0 f i libucrtd:signal.obj
 0001:0000a6b0       ?value@?$dual_state_global@PEAE@__crt_state_management@@QEAAAEAPEAEXZ 000000014000b6b0 f i libucrtd:mbctype.obj
 0001:0000a6b0       ?value@?$dual_state_global@PEAPEAD@__crt_state_management@@QEAAAEAPEAPEADXZ 000000014000b6b0 f i libucrtd:environment_initialization.obj
 0001:0000a6b0       ?value@?$dual_state_global@PEAU__crt_locale_data@@@__crt_state_management@@QEAAAEAPEAU__crt_locale_data@@XZ 000000014000b6b0 f i libucrtd:wsetlocale.obj
 0001:0000a6b0       ?value@?$dual_state_global@PEAU__crt_multibyte_data@@@__crt_state_management@@QEAAAEAPEAU__crt_multibyte_data@@XZ 000000014000b6b0 f i libucrtd:mbctype.obj
 0001:0000a6d0       __acrt_has_user_matherr    000000014000b6d0 f   libucrtd:matherr.obj
 0001:0000a710       __acrt_initialize_user_matherr 000000014000b710 f   libucrtd:matherr.obj
 0001:0000a730       __acrt_invoke_user_matherr 000000014000b730 f   libucrtd:matherr.obj
 0001:0000a7a0       __setusermatherr           000000014000b7a0 f   libucrtd:matherr.obj
 0001:0000a7e0       ??$?RE@__crt_internal_free_policy@@QEBAXQEBE@Z 000000014000b7e0 f i libucrtd:argv_parsing.obj
 0001:0000a7e0       ??$?RP6AXXZ@__crt_internal_free_policy@@QEBAXQEBQ6AXXZ@Z 000000014000b7e0 f i libucrtd:onexit.obj
 0001:0000a7e0       ??$?RPEAD@__crt_internal_free_policy@@QEBAXQEBQEAD@Z 000000014000b7e0 f i libucrtd:argv_parsing.obj
 0001:0000a7e0       ??$?RPEAU__crt_stdio_stream_data@@@__crt_internal_free_policy@@QEBAXQEBQEAU__crt_stdio_stream_data@@@Z 000000014000b7e0 f i libucrtd:_file.obj
 0001:0000a7e0       ??$?RU__acrt_ptd@@@__crt_internal_free_policy@@QEBAXQEBU__acrt_ptd@@@Z 000000014000b7e0 f i libucrtd:per_thread_data.obj
 0001:0000a7e0       ??$?RU__crt_lowio_handle_data@@@__crt_internal_free_policy@@QEBAXQEBU__crt_lowio_handle_data@@@Z 000000014000b7e0 f i libucrtd:osfinfo.obj
 0001:0000a7e0       ??$?RU__crt_multibyte_data@@@__crt_internal_free_policy@@QEBAXQEBU__crt_multibyte_data@@@Z 000000014000b7e0 f i libucrtd:wsetlocale.obj
 0001:0000aba0       ??$get_module_file_name@$$TAEAY0BAF@DH@?$__crt_char_traits@D@@SAK$$QEA$$TAEAY0BAF@D$$QEAH@Z 000000014000bba0 f i libucrtd:argv_parsing.obj
 0001:0000aba0       ??$get_module_file_name@AEAPEAUHINSTANCE__@@AEAY0BAF@DK@?$__crt_char_traits@D@@SAKAEAPEAUHINSTANCE__@@AEAY0BAF@D$$QEAK@Z 000000014000bba0 f i libucrtd:dbgrpt.obj
 0001:0000b0b0       ??$set_program_name@PEAD@?$__crt_char_traits@D@@SAX$$QEAPEAD@Z 000000014000c0b0 f i libucrtd:argv_parsing.obj
 0001:0000b0d0       ??1?$__crt_unique_heap_ptr@EU__crt_internal_free_policy@@@@QEAA@XZ 000000014000c0d0 f i libucrtd:argv_parsing.obj
 0001:0000b0d0       ??1?$__crt_unique_heap_ptr@P6AXXZU__crt_internal_free_policy@@@@QEAA@XZ 000000014000c0d0 f i libucrtd:onexit.obj
 0001:0000b0d0       ??1?$__crt_unique_heap_ptr@PEADU__crt_internal_free_policy@@@@QEAA@XZ 000000014000c0d0 f i libucrtd:argv_parsing.obj
 0001:0000b0d0       ??1?$__crt_unique_heap_ptr@PEAU__crt_stdio_stream_data@@U__crt_internal_free_policy@@@@QEAA@XZ 000000014000c0d0 f i libucrtd:_file.obj
 0001:0000b0d0       ??1?$__crt_unique_heap_ptr@U__acrt_ptd@@U__crt_internal_free_policy@@@@QEAA@XZ 000000014000c0d0 f i libucrtd:per_thread_data.obj
 0001:0000b0d0       ??1?$__crt_unique_heap_ptr@U__crt_lowio_handle_data@@U__crt_internal_free_policy@@@@QEAA@XZ 000000014000c0d0 f i libucrtd:osfinfo.obj
 0001:0000b0d0       ??1?$__crt_unique_heap_ptr@U__crt_multibyte_data@@U__crt_internal_free_policy@@@@QEAA@XZ 000000014000c0d0 f i libucrtd:wsetlocale.obj
 0001:0000b1a0       ?dangerous_get_state_array@?$dual_state_global@H@__crt_state_management@@QEAAPEAHXZ 000000014000c1a0 f i libucrtd:txtmode.obj
 0001:0000b1a0       ?dangerous_get_state_array@?$dual_state_global@P6AXPEB_W00I_K@Z@__crt_state_management@@QEAAPEAP6AXPEB_W00I_K@ZXZ 000000014000c1a0 f i libucrtd:invalid_parameter.obj
 0001:0000b1a0       ?dangerous_get_state_array@?$dual_state_global@PEAE@__crt_state_management@@QEAAPEAPEAEXZ 000000014000c1a0 f i libucrtd:mbctype.obj
 0001:0000b1a0       ?dangerous_get_state_array@?$dual_state_global@PEAU__crt_locale_data@@@__crt_state_management@@QEAAPEAPEAU__crt_locale_data@@XZ 000000014000c1a0 f i libucrtd:per_thread_data.obj
 0001:0000b1a0       ?dangerous_get_state_array@?$dual_state_global@PEAU__crt_multibyte_data@@@__crt_state_management@@QEAAPEAPEAU__crt_multibyte_data@@XZ 000000014000c1a0 f i libucrtd:mbctype.obj
 0001:0000b1a0       ?debug_info@?$__crt_win32_buffer@DU__crt_win32_buffer_internal_dynamic_resizing@@@@QEBAAEBV__crt_win32_buffer_empty_debug_info@@XZ 000000014000c1a0 f i libucrtd:argv_wildcards.obj
 0001:0000b1a0       ?debug_info@?$__crt_win32_buffer@DU__crt_win32_buffer_no_resizing@@@@QEBAAEBV__crt_win32_buffer_empty_debug_info@@XZ 000000014000c1a0 f i libucrtd:getmodulefilenamea.obj
 0001:0000b1a0       ?debug_info@?$__crt_win32_buffer@_WU__crt_win32_buffer_internal_dynamic_resizing@@@@QEBAAEBV__crt_win32_buffer_empty_debug_info@@XZ 000000014000c1a0 f i libucrtd:argv_wildcards.obj
 0001:0000b1a0       ?get_address_of@?$__crt_unique_handle_t@U__crt_hmodule_traits@@@@QEAAPEAPEAUHINSTANCE__@@XZ 000000014000c1a0 f i libucrtd:exit.obj
 0001:0000b1a0       ?get_address_of@?$__crt_unique_heap_ptr@PEADU__crt_internal_free_policy@@@@QEAAPEAPEAPEADXZ 000000014000c1a0 f i libucrtd:argv_parsing.obj
 0001:0000b1d0       ?release@?$__crt_unique_heap_ptr@EU__crt_internal_free_policy@@@@QEAAXXZ 000000014000c1d0 f i libucrtd:argv_parsing.obj
 0001:0000b1d0       ?release@?$__crt_unique_heap_ptr@P6AXXZU__crt_internal_free_policy@@@@QEAAXXZ 000000014000c1d0 f i libucrtd:onexit.obj
 0001:0000b1d0       ?release@?$__crt_unique_heap_ptr@PEADU__crt_internal_free_policy@@@@QEAAXXZ 000000014000c1d0 f i libucrtd:argv_parsing.obj
 0001:0000b1d0       ?release@?$__crt_unique_heap_ptr@PEAU__crt_stdio_stream_data@@U__crt_internal_free_policy@@@@QEAAXXZ 000000014000c1d0 f i libucrtd:_file.obj
 0001:0000b1d0       ?release@?$__crt_unique_heap_ptr@U__acrt_ptd@@U__crt_internal_free_policy@@@@QEAAXXZ 000000014000c1d0 f i libucrtd:per_thread_data.obj
 0001:0000b1d0       ?release@?$__crt_unique_heap_ptr@U__crt_lowio_handle_data@@U__crt_internal_free_policy@@@@QEAAXXZ 000000014000c1d0 f i libucrtd:osfinfo.obj
 0001:0000b1d0       ?release@?$__crt_unique_heap_ptr@U__crt_multibyte_data@@U__crt_internal_free_policy@@@@QEAAXXZ 000000014000c1d0 f i libucrtd:wsetlocale.obj
 0001:0000b240       __acrt_allocate_buffer_for_argv 000000014000c240 f   libucrtd:argv_parsing.obj
 0001:0000b360       _configure_narrow_argv     000000014000c360 f   libucrtd:argv_parsing.obj
 0001:0000b380       _set_pgmptr                000000014000c380 f i libucrtd:argv_parsing.obj
 0001:0000b7b0       ??$get_environment_from_os@$$V@?$__crt_char_traits@D@@SAPEADXZ 000000014000c7b0 f i libucrtd:environment_initialization.obj
 0001:0000b7c0       ??$tcscpy_s@PEADAEB_KAEAPEAD@?$__crt_char_traits@D@@SAH$$QEAPEADAEB_KAEAPEAD@Z 000000014000c7c0 f i libucrtd:environment_initialization.obj
 0001:0000b800       ??$tcslen@AEAPEAD@?$__crt_char_traits@D@@SA_KAEAPEAD@Z 000000014000c800 f i libucrtd:environment_initialization.obj
 0001:0000b800       ??$tcslen@AEBQEBD@?$__crt_char_traits@D@@SA_KAEBQEBD@Z 000000014000c800 f i libucrtd:dbgrpt.obj
 0001:0000b820       ??$uninitialize@A6AXAEAPEAPEAD@_E@?$dual_state_global@PEAPEAD@__crt_state_management@@QEAAXA6AXAEAPEAPEAD@_E@Z 000000014000c820 f i libucrtd:environment_initialization.obj
 0001:0000b8a0       ??$uninitialize@A6AXAEAPEAPEA_W@_E@?$dual_state_global@PEAPEA_W@__crt_state_management@@QEAAXA6AXAEAPEAPEA_W@_E@Z 000000014000c8a0 f i libucrtd:environment_initialization.obj
 0001:0000b9f0       __dcrt_uninitialize_environments_nolock 000000014000c9f0 f   libucrtd:environment_initialization.obj
 0001:0000ba40       _initialize_narrow_environment 000000014000ca40 f   libucrtd:environment_initialization.obj
 0001:0000bb90       _get_narrow_winmain_command_line 000000014000cb90 f   libucrtd:argv_winmain.obj
 0001:0000bba0       _initterm                  000000014000cba0 f   libucrtd:initterm.obj
 0001:0000bc10       _initterm_e                000000014000cc10 f   libucrtd:initterm.obj
 0001:0000bc90       ??$?B$$A6AXH@Z@__crt_fast_encoded_nullptr_t@@QEBAP6AXH@ZXZ 000000014000cc90 f i libucrtd:signal.obj
 0001:0000bc90       ??$?B$$A6AXPEAXK0@Z@__crt_fast_encoded_nullptr_t@@QEBAP6AXPEAXK0@ZXZ 000000014000cc90 f i libucrtd:exit.obj
 0001:0000bc90       ??$?B$$A6AXXZ@__crt_fast_encoded_nullptr_t@@QEBAP6AXXZXZ 000000014000cc90 f i libucrtd:onexit.obj
 0001:0000bc90       ??$?BP6AXXZ@__crt_fast_encoded_nullptr_t@@QEBAPEAP6AXXZXZ 000000014000cc90 f i libucrtd:onexit.obj
 0001:0000bc90       ??$?BX@__crt_fast_encoded_nullptr_t@@QEBAPEAXXZ 000000014000cc90 f i libucrtd:initialization.obj
 0001:0000bd50       ??$__crt_get_proc_address@P6AXI@Z@@YAP6AXI@ZQEAUHINSTANCE__@@QEBD@Z 000000014000cd50 f i libucrtd:exit.obj
 0001:0000bd80       ??$__crt_interlocked_read@J@@YAJPEDJ@Z 000000014000cd80 f i libucrtd:exit.obj
 0001:0000be10       ??1?$__crt_unique_handle_t@U__crt_hmodule_traits@@@@QEAA@XZ 000000014000ce10 f i libucrtd:exit.obj
 0001:0000bf90       ?__acrt_select_exit_lock@@YA?AW4__acrt_lock_id@@XZ 000000014000cf90 f i libucrtd:exit.obj
 0001:0000bfa0       ?__crt_fast_encode_pointer@@YA?AU__crt_fast_encoded_nullptr_t@@$$T@Z 000000014000cfa0 f i libucrtd:exit.obj
 0001:0000bfc0       ?__crt_interlocked_read_32@@YAHPEDH@Z 000000014000cfc0 f i libucrtd:exit.obj
 0001:0000c000       ?close@?$__crt_unique_handle_t@U__crt_hmodule_traits@@@@QEAAXXZ 000000014000d000 f i libucrtd:exit.obj
 0001:0000c040       ?close@__crt_hmodule_traits@@SA_NPEAUHINSTANCE__@@@Z 000000014000d040 f i libucrtd:exit.obj
 0001:0000c300       __acrt_initialize_thread_local_exit_callback 000000014000d300 f   libucrtd:exit.obj
 0001:0000c320       _c_exit                    000000014000d320 f   libucrtd:exit.obj
 0001:0000c340       _cexit                     000000014000d340 f   libucrtd:exit.obj
 0001:0000c360       _exit                      000000014000d360 f   libucrtd:exit.obj
 0001:0000c380       _register_thread_local_exe_atexit_callback 000000014000d380 f   libucrtd:exit.obj
 0001:0000c3d0       exit                       000000014000d3d0 f   libucrtd:exit.obj
 0001:0000c3f0       ?value@?$dual_state_global@H@__crt_state_management@@QEAAAEAHXZ 000000014000d3f0 f i libucrtd:setmode.obj
 0001:0000c3f0       ?value@?$dual_state_global@J@__crt_state_management@@QEAAAEAJXZ 000000014000d3f0 f i libucrtd:new_mode.obj
 0001:0000c410       _set_fmode                 000000014000d410 f   libucrtd:setmode.obj
 0001:0000c670       __acrt_disable_global_locale_sync 000000014000d670 f i libucrtd:wsetlocale.obj
 0001:0000c6a0       __acrt_enable_global_locale_sync 000000014000d6a0 f i libucrtd:wsetlocale.obj
 0001:0000c6d0       __acrt_set_locale_changed  000000014000d6d0 f   libucrtd:wsetlocale.obj
 0001:0000c6e0       __acrt_uninitialize_locale 000000014000d6e0 f   libucrtd:wsetlocale.obj
 0001:0000c710       __ascii_tolower            000000014000d710 f i libucrtd:wsetlocale.obj
 0001:0000c730       __ascii_towlower           000000014000d730 f i libucrtd:wsetlocale.obj
 0001:0000c750       _configthreadlocale        000000014000d750 f   libucrtd:wsetlocale.obj
 0001:0000c8b0       _query_new_mode            000000014000d8b0 f   libucrtd:new_mode.obj
 0001:0000c8d0       _set_new_mode              000000014000d8d0 f   libucrtd:new_mode.obj
 0001:0000c9a0       __p__commode               000000014000d9a0 f   libucrtd:ncommode.obj
 0001:0000d080       _crt_atexit                000000014000e080 f   libucrtd:onexit.obj
 0001:0000d0a0       _execute_onexit_table      000000014000e0a0 f   libucrtd:onexit.obj
 0001:0000d0e0       _initialize_onexit_table   000000014000e0e0 f   libucrtd:onexit.obj
 0001:0000d160       _register_onexit_function  000000014000e160 f   libucrtd:onexit.obj
 0001:0000d200       __acrt_uninitialize_command_line 000000014000e200 f   libucrtd:argv_data.obj
 0001:0000d470       __acrt_initialize          000000014000e470 f   libucrtd:initialization.obj
 0001:0000d4a0       __acrt_uninitialize        000000014000e4a0 f   libucrtd:initialization.obj
 0001:0000d4d0       terminate                  000000014000e4d0 f   libucrtd:terminate.obj
 0001:0000d520       ??0_LocaleUpdate@@QEAA@QEAU__crt_locale_pointers@@@Z 000000014000e520 f i libucrtd:debug_heap.obj
 0001:0000d640       ??1_LocaleUpdate@@QEAA@XZ  000000014000e640 f i libucrtd:debug_heap.obj
 0001:0000d670       ?GetLocaleT@_LocaleUpdate@@QEAAPEAU__crt_locale_pointers@@XZ 000000014000e670 f i libucrtd:debug_heap.obj
 0001:0000fa20       _CrtCheckMemory            0000000140010a20 f   libucrtd:debug_heap.obj
 0001:0000fbb0       _CrtDumpMemoryLeaks        0000000140010bb0 f   libucrtd:debug_heap.obj
 0001:0000fc70       _CrtIsValidHeapPointer     0000000140010c70 f   libucrtd:debug_heap.obj
 0001:0000fcc0       _CrtIsValidPointer         0000000140010cc0 f   libucrtd:debug_heap.obj
 0001:0000fd00       _CrtMemCheckpoint          0000000140010d00 f   libucrtd:debug_heap.obj
 0001:0000ff80       _CrtMemDumpAllObjectsSince 0000000140010f80 f   libucrtd:debug_heap.obj
 0001:0000ffe0       _CrtSetDbgFlag             0000000140010fe0 f   libucrtd:debug_heap.obj
 0001:00010140       _CrtSetDumpClient          0000000140011140 f   libucrtd:debug_heap.obj
 0001:00010170       __acrt_get_locale_data_prefix 0000000140011170 f i libucrtd:debug_heap.obj
 0001:00010190       __acrt_locale_changed      0000000140011190 f i libucrtd:debug_heap.obj
 0001:000101c0       _calloc_dbg                00000001400111c0 f   libucrtd:debug_heap.obj
 0001:00010260       _chvalidchk_l              0000000140011260 f i libucrtd:debug_heap.obj
 0001:00010290       _free_dbg                  0000000140011290 f   libucrtd:debug_heap.obj
 0001:00010300       _invoke_watson_if_oneof    0000000140011300 f i libucrtd:debug_heap.obj
 0001:00010360       _ischartype_l              0000000140011360 f i libucrtd:debug_heap.obj
 0001:000103f0       _malloc_dbg                00000001400113f0 f   libucrtd:debug_heap.obj
 0001:00010430       _msize_dbg                 0000000140011430 f   libucrtd:debug_heap.obj
 0001:000105d0       _realloc_dbg               00000001400115d0 f   libucrtd:debug_heap.obj
 0001:00010640       _recalloc_dbg              0000000140011640 f   libucrtd:debug_heap.obj
 0001:00010c20       strcpy_s                   0000000140011c20 f   libucrtd:strcpy_s.obj
 0001:00010c60       strcmp                     0000000140011c60 f   libucrtd:strcmp.obj
 0001:00010ce0       strlen                     0000000140011ce0 f   libucrtd:strlen.obj
 0001:00010d90       abort                      0000000140011d90 f   libucrtd:abort.obj
 0001:00010e10       ??$initialize_from_array@$$BY00Q6AXPEB_W00I_K@Z@?$dual_state_global@P6AXPEB_W00I_K@Z@__crt_state_management@@QEAAXAEAY00Q6AXPEB_W00I_K@Z@Z 0000000140011e10 f i libucrtd:invalid_parameter.obj
 0001:00010e70       ??0?$cached@H@__crt_cached_ptd_host@@QEAA@XZ 0000000140011e70 f i libucrtd:invalid_parameter.obj
 0001:00010e70       ??0?$cached@K@__crt_cached_ptd_host@@QEAA@XZ 0000000140011e70 f i libucrtd:invalid_parameter.obj
 0001:00010e90       ??0__crt_cached_ptd_host@@QEAA@QEAU__crt_locale_pointers@@@Z 0000000140011e90 f i libucrtd:invalid_parameter.obj
 0001:00010f50       ??0__crt_scoped_get_last_error_reset@@QEAA@XZ 0000000140011f50 f i libucrtd:invalid_parameter.obj
 0001:00010f70       ??1__crt_cached_ptd_host@@QEAA@XZ 0000000140011f70 f i libucrtd:invalid_parameter.obj
 0001:00011020       ??1__crt_scoped_get_last_error_reset@@QEAA@XZ 0000000140012020 f i libucrtd:invalid_parameter.obj
 0001:000110e0       ?check_synchronize_global_state_index@__crt_cached_ptd_host@@AEAA_KAEBV__crt_scoped_get_last_error_reset@@@Z 00000001400120e0 f i libucrtd:invalid_parameter.obj
 0001:00011120       ?check_synchronize_global_state_index@__crt_cached_ptd_host@@AEAA_KXZ 0000000140012120 f i libucrtd:invalid_parameter.obj
 0001:00011180       ?check_synchronize_per_thread_data@__crt_cached_ptd_host@@AEAAPEAU__acrt_ptd@@XZ 0000000140012180 f i libucrtd:invalid_parameter.obj
 0001:000111c0       ?force_synchronize_global_state_index@__crt_cached_ptd_host@@AEAA_KAEBV__crt_scoped_get_last_error_reset@@@Z 00000001400121c0 f i libucrtd:invalid_parameter.obj
 0001:00011200       ?force_synchronize_per_thread_data@__crt_cached_ptd_host@@AEAAPEAU__acrt_ptd@@XZ 0000000140012200 f i libucrtd:invalid_parameter.obj
 0001:00011260       ?get_current_global_state_index@__crt_cached_ptd_host@@QEAA_KXZ 0000000140012260 f i libucrtd:invalid_parameter.obj
 0001:00011280       ?get_raw_ptd@__crt_cached_ptd_host@@QEAAPEAU__acrt_ptd@@XZ 0000000140012280 f i libucrtd:invalid_parameter.obj
 0001:000112a0       ?get_raw_ptd_noexit@__crt_cached_ptd_host@@QEAAPEAU__acrt_ptd@@XZ 00000001400122a0 f i libucrtd:invalid_parameter.obj
 0001:000112c0       ?try_synchronize_per_thread_data@__crt_cached_ptd_host@@AEAAPEAU__acrt_ptd@@XZ 00000001400122c0 f i libucrtd:invalid_parameter.obj
 0001:000112f0       ?unsafe_value@?$cached@H@__crt_cached_ptd_host@@QEAAHXZ 00000001400122f0 f i libucrtd:invalid_parameter.obj
 0001:000112f0       ?unsafe_value@?$cached@K@__crt_cached_ptd_host@@QEAAKXZ 00000001400122f0 f i libucrtd:invalid_parameter.obj
 0001:00011300       ?valid@?$cached@H@__crt_cached_ptd_host@@QEBA_NXZ 0000000140012300 f i libucrtd:invalid_parameter.obj
 0001:00011300       ?valid@?$cached@K@__crt_cached_ptd_host@@QEBA_NXZ 0000000140012300 f i libucrtd:invalid_parameter.obj
 0001:00011310       ?value@?$dual_state_global@P6AXPEB_W00I_K@Z@__crt_state_management@@QEAAAEAP6AXPEB_W00I_K@ZAEAV__crt_cached_ptd_host@@@Z 0000000140012310 f i libucrtd:invalid_parameter.obj
 0001:00011340       __acrt_call_reportfault    0000000140012340 f   libucrtd:invalid_parameter.obj
 0001:00011470       __acrt_initialize_invalid_parameter_handler 0000000140012470 f   libucrtd:invalid_parameter.obj
 0001:000114a0       _invalid_parameter         00000001400124a0 f   libucrtd:invalid_parameter.obj
 0001:00011510       _invalid_parameter_internal 0000000140012510 f   libucrtd:invalid_parameter.obj
 0001:00011660       _invalid_parameter_noinfo  0000000140012660 f   libucrtd:invalid_parameter.obj
 0001:00011690       _invoke_watson             0000000140012690 f   libucrtd:invalid_parameter.obj
 0001:000116f0       ??$?0AEBV?$string_output_adapter@D@__crt_stdio_output@@AEB_KAEBQEBDAEAV__crt_cached_ptd_host@@AEBQEAD@?$format_validation_base@DV?$string_output_adapter@D@__crt_stdio_output@@@__crt_stdio_output@@IEAA@AEBV?$string_output_adapter@D@1@AEB_KAEBQEBDAEAV__crt_cached_ptd_host@@AEBQEAD@Z 00000001400126f0 f i libucrtd:output.obj
 0001:00011740       ??$?0AEBV?$string_output_adapter@D@__crt_stdio_output@@AEB_KAEBQEBDAEAV__crt_cached_ptd_host@@AEBQEAD@?$standard_base@DV?$string_output_adapter@D@__crt_stdio_output@@@__crt_stdio_output@@IEAA@AEBV?$string_output_adapter@D@1@AEB_KAEBQEBDAEAV__crt_cached_ptd_host@@AEBQEAD@Z 0000000140012740 f i libucrtd:output.obj
 0001:000117b0       ??$?0AEBV?$string_output_adapter@_W@__crt_stdio_output@@AEB_KAEBQEB_WAEAV__crt_cached_ptd_host@@AEBQEAD@?$format_validation_base@_WV?$string_output_adapter@_W@__crt_stdio_output@@@__crt_stdio_output@@IEAA@AEBV?$string_output_adapter@_W@1@AEB_KAEBQEB_WAEAV__crt_cached_ptd_host@@AEBQEAD@Z 00000001400127b0 f i libucrtd:output.obj
 0001:00011800       ??$?0AEBV?$string_output_adapter@_W@__crt_stdio_output@@AEB_KAEBQEB_WAEAV__crt_cached_ptd_host@@AEBQEAD@?$standard_base@_WV?$string_output_adapter@_W@__crt_stdio_output@@@__crt_stdio_output@@IEAA@AEBV?$string_output_adapter@_W@1@AEB_KAEBQEB_WAEAV__crt_cached_ptd_host@@AEBQEAD@Z 0000000140012800 f i libucrtd:output.obj
 0001:00011870       ??$_tcstol_internal@DPEAPEAD$0A@@@YAJAEAV__crt_cached_ptd_host@@QEBDQEAPEADH@Z 0000000140012870 f i libucrtd:output.obj
 0001:000118c0       ??$_tcstol_internal@_WPEAPEA_W$0A@@@YAJAEAV__crt_cached_ptd_host@@QEB_WQEAPEA_WH@Z 00000001400128c0 f i libucrtd:output.obj
 0001:00013490       ??$count@D@formatting_buffer@__crt_stdio_output@@QEBA_KXZ 0000000140014490 f i libucrtd:output.obj
 0001:000134e0       ??$count@_W@formatting_buffer@__crt_stdio_output@@QEBA_KXZ 00000001400144e0 f i libucrtd:output.obj
 0001:00013530       ??$data@D@formatting_buffer@__crt_stdio_output@@QEAAPEADXZ 0000000140014530 f i libucrtd:output.obj
 0001:00013530       ??$data@_W@formatting_buffer@__crt_stdio_output@@QEAAPEA_WXZ 0000000140014530 f i libucrtd:output.obj
 0001:00013580       ??$ensure_buffer_is_big_enough@D@formatting_buffer@__crt_stdio_output@@QEAA_N_KAEAV__crt_cached_ptd_host@@@Z 0000000140014580 f i libucrtd:output.obj
 0001:000136c0       ??$ensure_buffer_is_big_enough@_W@formatting_buffer@__crt_stdio_output@@QEAA_N_KAEAV__crt_cached_ptd_host@@@Z 00000001400146c0 f i libucrtd:output.obj
 0001:00013800       ??$extract_argument_from_va_list@C_J@?$standard_base@DV?$string_output_adapter@D@__crt_stdio_output@@@__crt_stdio_output@@IEAA_NAEA_J@Z 0000000140014800 f i libucrtd:output.obj
 0001:00013800       ??$extract_argument_from_va_list@C_J@?$standard_base@_WV?$string_output_adapter@_W@__crt_stdio_output@@@__crt_stdio_output@@IEAA_NAEA_J@Z 0000000140014800 f i libucrtd:output.obj
 0001:00013840       ??$extract_argument_from_va_list@E_J@?$standard_base@DV?$string_output_adapter@D@__crt_stdio_output@@@__crt_stdio_output@@IEAA_NAEA_J@Z 0000000140014840 f i libucrtd:output.obj
 0001:00013840       ??$extract_argument_from_va_list@E_J@?$standard_base@_WV?$string_output_adapter@_W@__crt_stdio_output@@@__crt_stdio_output@@IEAA_NAEA_J@Z 0000000140014840 f i libucrtd:output.obj
 0001:00013880       ??$extract_argument_from_va_list@F_J@?$standard_base@DV?$string_output_adapter@D@__crt_stdio_output@@@__crt_stdio_output@@IEAA_NAEA_J@Z 0000000140014880 f i libucrtd:output.obj
 0001:00013880       ??$extract_argument_from_va_list@F_J@?$standard_base@_WV?$string_output_adapter@_W@__crt_stdio_output@@@__crt_stdio_output@@IEAA_NAEA_J@Z 0000000140014880 f i libucrtd:output.obj
 0001:000138c0       ??$extract_argument_from_va_list@GD@?$standard_base@DV?$string_output_adapter@D@__crt_stdio_output@@@__crt_stdio_output@@IEAA_NAEAD@Z 00000001400148c0 f i libucrtd:output.obj
 0001:000138f0       ??$extract_argument_from_va_list@G_J@?$standard_base@DV?$string_output_adapter@D@__crt_stdio_output@@@__crt_stdio_output@@IEAA_NAEA_J@Z 00000001400148f0 f i libucrtd:output.obj
 0001:000138f0       ??$extract_argument_from_va_list@G_J@?$standard_base@_WV?$string_output_adapter@_W@__crt_stdio_output@@@__crt_stdio_output@@IEAA_NAEA_J@Z 00000001400148f0 f i libucrtd:output.obj
 0001:00013930       ??$extract_argument_from_va_list@H_J@?$standard_base@DV?$string_output_adapter@D@__crt_stdio_output@@@__crt_stdio_output@@IEAA_NAEA_J@Z 0000000140014930 f i libucrtd:output.obj
 0001:00013930       ??$extract_argument_from_va_list@H_J@?$standard_base@_WV?$string_output_adapter@_W@__crt_stdio_output@@@__crt_stdio_output@@IEAA_NAEA_J@Z 0000000140014930 f i libucrtd:output.obj
 0001:00013960       ??$extract_argument_from_va_list@I_J@?$standard_base@DV?$string_output_adapter@D@__crt_stdio_output@@@__crt_stdio_output@@IEAA_NAEA_J@Z 0000000140014960 f i libucrtd:output.obj
 0001:00013960       ??$extract_argument_from_va_list@I_J@?$standard_base@_WV?$string_output_adapter@_W@__crt_stdio_output@@@__crt_stdio_output@@IEAA_NAEA_J@Z 0000000140014960 f i libucrtd:output.obj
 0001:00013990       ??$extract_argument_from_va_list@PEADPEAD@?$standard_base@DV?$string_output_adapter@D@__crt_stdio_output@@@__crt_stdio_output@@IEAA_NAEAPEAD@Z 0000000140014990 f i libucrtd:output.obj
 0001:00013990       ??$extract_argument_from_va_list@PEADPEAD@?$standard_base@_WV?$string_output_adapter@_W@__crt_stdio_output@@@__crt_stdio_output@@IEAA_NAEAPEAD@Z 0000000140014990 f i libucrtd:output.obj
 0001:00013990       ??$extract_argument_from_va_list@PEAUansi_string@?1??type_case_Z@?$output_processor@DV?$string_output_adapter@D@__crt_stdio_output@@V?$format_validation_base@DV?$string_output_adapter@D@__crt_stdio_output@@@2@@__crt_stdio_output@@AEAA_NXZ@PEAU1?1??234@AEAA_NXZ@@?$standard_base@DV?$string_output_adapter@D@__crt_stdio_output@@@__crt_stdio_output@@IEAA_NAEAPEAUansi_string@?1??type_case_Z@?$output_processor@DV?$string_output_adapter@D@__crt_stdio_output@@V?$format_validation_base@DV?$string_output_adapter@D@__crt_stdio_output@@@2@@1@AEAA_NXZ@@Z 0000000140014990 f i libucrtd:output.obj
 0001:00013990       ??$extract_argument_from_va_list@PEAUansi_string@?1??type_case_Z@?$output_processor@_WV?$string_output_adapter@_W@__crt_stdio_output@@V?$format_validation_base@_WV?$string_output_adapter@_W@__crt_stdio_output@@@2@@__crt_stdio_output@@AEAA_NXZ@PEAU1?1??234@AEAA_NXZ@@?$standard_base@_WV?$string_output_adapter@_W@__crt_stdio_output@@@__crt_stdio_output@@IEAA_NAEAPEAUansi_string@?1??type_case_Z@?$output_processor@_WV?$string_output_adapter@_W@__crt_stdio_output@@V?$format_validation_base@_WV?$string_output_adapter@_W@__crt_stdio_output@@@2@@1@AEAA_NXZ@@Z 0000000140014990 f i libucrtd:output.obj
 0001:00013990       ??$extract_argument_from_va_list@PEAXPEAX@?$standard_base@DV?$string_output_adapter@D@__crt_stdio_output@@@__crt_stdio_output@@IEAA_NAEAPEAX@Z 0000000140014990 f i libucrtd:output.obj
 0001:00013990       ??$extract_argument_from_va_list@PEAXPEAX@?$standard_base@_WV?$string_output_adapter@_W@__crt_stdio_output@@@__crt_stdio_output@@IEAA_NAEAPEAX@Z 0000000140014990 f i libucrtd:output.obj
 0001:00013990       ??$extract_argument_from_va_list@_J_J@?$standard_base@DV?$string_output_adapter@D@__crt_stdio_output@@@__crt_stdio_output@@IEAA_NAEA_J@Z 0000000140014990 f i libucrtd:output.obj
 0001:00013990       ??$extract_argument_from_va_list@_J_J@?$standard_base@_WV?$string_output_adapter@_W@__crt_stdio_output@@@__crt_stdio_output@@IEAA_NAEA_J@Z 0000000140014990 f i libucrtd:output.obj
 0001:00013990       ??$extract_argument_from_va_list@_K_J@?$standard_base@DV?$string_output_adapter@D@__crt_stdio_output@@@__crt_stdio_output@@IEAA_NAEA_J@Z 0000000140014990 f i libucrtd:output.obj
 0001:00013990       ??$extract_argument_from_va_list@_K_J@?$standard_base@_WV?$string_output_adapter@_W@__crt_stdio_output@@@__crt_stdio_output@@IEAA_NAEA_J@Z 0000000140014990 f i libucrtd:output.obj
 0001:000139c0       ??$extract_argument_from_va_list@U_CRT_DOUBLE@@U1@@?$standard_base@DV?$string_output_adapter@D@__crt_stdio_output@@@__crt_stdio_output@@IEAA_NAEAU_CRT_DOUBLE@@@Z 00000001400149c0 f i libucrtd:output.obj
 0001:000139c0       ??$extract_argument_from_va_list@U_CRT_DOUBLE@@U1@@?$standard_base@_WV?$string_output_adapter@_W@__crt_stdio_output@@@__crt_stdio_output@@IEAA_NAEAU_CRT_DOUBLE@@@Z 00000001400149c0 f i libucrtd:output.obj
 0001:00013a10       ??$extract_argument_from_va_list@_W_W@?$standard_base@DV?$string_output_adapter@D@__crt_stdio_output@@@__crt_stdio_output@@IEAA_NAEA_W@Z 0000000140014a10 f i libucrtd:output.obj
 0001:00013a10       ??$extract_argument_from_va_list@_W_W@?$standard_base@_WV?$string_output_adapter@_W@__crt_stdio_output@@@__crt_stdio_output@@IEAA_NAEA_W@Z 0000000140014a10 f i libucrtd:output.obj
 0001:00013a40       ??$is_overflow_condition@K@__crt_strtox@@YA_NIK@Z 0000000140014a40 f i libucrtd:output.obj
 0001:00013ab0       ??$is_wide_character_specifier@D@__crt_stdio_output@@YA_N_KDW4length_modifier@0@@Z 0000000140014ab0 f i libucrtd:output.obj
 0001:00013b50       ??$is_wide_character_specifier@_W@__crt_stdio_output@@YA_N_K_WW4length_modifier@0@@Z 0000000140014b50 f i libucrtd:output.obj
 0001:00013c20       ??$make_c_string_character_source@DPEAPEAD@__crt_strtox@@YA?AV?$c_string_character_source@D@0@QEBDQEAPEAD@Z 0000000140014c20 f i libucrtd:output.obj
 0001:00013c20       ??$make_c_string_character_source@_WPEAPEA_W@__crt_strtox@@YA?AV?$c_string_character_source@_W@0@QEB_WQEAPEA_W@Z 0000000140014c20 f i libucrtd:output.obj
 0001:00013c60       ??$parse_integer@KV?$c_string_character_source@D@__crt_strtox@@$0A@@__crt_strtox@@YAKAEAV__crt_cached_ptd_host@@V?$c_string_character_source@D@0@H_N@Z 0000000140014c60 f i libucrtd:output.obj
 0001:000140e0       ??$parse_integer@KV?$c_string_character_source@_W@__crt_strtox@@$0A@@__crt_strtox@@YAKAEAV__crt_cached_ptd_host@@V?$c_string_character_source@_W@0@H_N@Z 00000001400150e0 f i libucrtd:output.obj
 0001:00014560       ??$read_va_arg@C@__crt_stdio_output@@YACAEAPEAD@Z 0000000140015560 f i libucrtd:output.obj
 0001:00014560       ??$read_va_arg@E@__crt_stdio_output@@YAEAEAPEAD@Z 0000000140015560 f i libucrtd:output.obj
 0001:000145d0       ??$read_va_arg@F@__crt_stdio_output@@YAFAEAPEAD@Z 00000001400155d0 f i libucrtd:output.obj
 0001:000145d0       ??$read_va_arg@G@__crt_stdio_output@@YAGAEAPEAD@Z 00000001400155d0 f i libucrtd:output.obj
 0001:000145d0       ??$read_va_arg@_W@__crt_stdio_output@@YA_WAEAPEAD@Z 00000001400155d0 f i libucrtd:output.obj
 0001:00014640       ??$read_va_arg@H@__crt_stdio_output@@YAHAEAPEAD@Z 0000000140015640 f i libucrtd:output.obj
 0001:00014640       ??$read_va_arg@I@__crt_stdio_output@@YAIAEAPEAD@Z 0000000140015640 f i libucrtd:output.obj
 0001:000146a0       ??$read_va_arg@PEAD@__crt_stdio_output@@YAPEADAEAPEAD@Z 00000001400156a0 f i libucrtd:output.obj
 0001:000146a0       ??$read_va_arg@PEAUansi_string@?1??type_case_Z@?$output_processor@DV?$string_output_adapter@D@__crt_stdio_output@@V?$format_validation_base@DV?$string_output_adapter@D@__crt_stdio_output@@@2@@__crt_stdio_output@@AEAA_NXZ@@__crt_stdio_output@@YAPEAUansi_string@?1??type_case_Z@?$output_processor@DV?$string_output_adapter@D@__crt_stdio_output@@V?$format_validation_base@DV?$string_output_adapter@D@__crt_stdio_output@@@2@@0@AEAA_NXZ@AEAPEAD@Z 00000001400156a0 f i libucrtd:output.obj
 0001:000146a0       ??$read_va_arg@PEAUansi_string@?1??type_case_Z@?$output_processor@_WV?$string_output_adapter@_W@__crt_stdio_output@@V?$format_validation_base@_WV?$string_output_adapter@_W@__crt_stdio_output@@@2@@__crt_stdio_output@@AEAA_NXZ@@__crt_stdio_output@@YAPEAUansi_string@?1??type_case_Z@?$output_processor@_WV?$string_output_adapter@_W@__crt_stdio_output@@V?$format_validation_base@_WV?$string_output_adapter@_W@__crt_stdio_output@@@2@@0@AEAA_NXZ@AEAPEAD@Z 00000001400156a0 f i libucrtd:output.obj
 0001:000146a0       ??$read_va_arg@PEAX@__crt_stdio_output@@YAPEAXAEAPEAD@Z 00000001400156a0 f i libucrtd:output.obj
 0001:000146a0       ??$read_va_arg@U_CRT_DOUBLE@@@__crt_stdio_output@@YA?AU_CRT_DOUBLE@@AEAPEAD@Z 00000001400156a0 f i libucrtd:output.obj
 0001:000146a0       ??$read_va_arg@_J@__crt_stdio_output@@YA_JAEAPEAD@Z 00000001400156a0 f i libucrtd:output.obj
 0001:000146a0       ??$read_va_arg@_K@__crt_stdio_output@@YA_KAEAPEAD@Z 00000001400156a0 f i libucrtd:output.obj
 0001:00014710       ??$scratch_count@D@formatting_buffer@__crt_stdio_output@@QEBA_KXZ 0000000140015710 f i libucrtd:output.obj
 0001:00014730       ??$scratch_data@D@formatting_buffer@__crt_stdio_output@@QEAAPEADXZ 0000000140015730 f i libucrtd:output.obj
 0001:000147a0       ??$type_case_integer@$07@?$output_processor@DV?$string_output_adapter@D@__crt_stdio_output@@V?$format_validation_base@DV?$string_output_adapter@D@__crt_stdio_output@@@2@@__crt_stdio_output@@AEAA_N_N@Z 00000001400157a0 f i libucrtd:output.obj
 0001:00014c20       ??$type_case_integer@$07@?$output_processor@_WV?$string_output_adapter@_W@__crt_stdio_output@@V?$format_validation_base@_WV?$string_output_adapter@_W@__crt_stdio_output@@@2@@__crt_stdio_output@@AEAA_N_N@Z 0000000140015c20 f i libucrtd:output.obj
 0001:000150a0       ??$type_case_integer@$09@?$output_processor@DV?$string_output_adapter@D@__crt_stdio_output@@V?$format_validation_base@DV?$string_output_adapter@D@__crt_stdio_output@@@2@@__crt_stdio_output@@AEAA_N_N@Z 00000001400160a0 f i libucrtd:output.obj
 0001:00015520       ??$type_case_integer@$09@?$output_processor@_WV?$string_output_adapter@_W@__crt_stdio_output@@V?$format_validation_base@_WV?$string_output_adapter@_W@__crt_stdio_output@@@2@@__crt_stdio_output@@AEAA_N_N@Z 0000000140016520 f i libucrtd:output.obj
 0001:000159a0       ??$type_case_integer@$0BA@@?$output_processor@DV?$string_output_adapter@D@__crt_stdio_output@@V?$format_validation_base@DV?$string_output_adapter@D@__crt_stdio_output@@@2@@__crt_stdio_output@@AEAA_N_N@Z 00000001400169a0 f i libucrtd:output.obj
 0001:00015e20       ??$type_case_integer@$0BA@@?$output_processor@_WV?$string_output_adapter@_W@__crt_stdio_output@@V?$format_validation_base@_WV?$string_output_adapter@_W@__crt_stdio_output@@@2@@__crt_stdio_output@@AEAA_N_N@Z 0000000140016e20 f i libucrtd:output.obj
 0001:000162a0       ??$type_case_integer_parse_into_buffer@I$07@?$output_processor@DV?$string_output_adapter@D@__crt_stdio_output@@V?$format_validation_base@DV?$string_output_adapter@D@__crt_stdio_output@@@2@@__crt_stdio_output@@AEAAXI_N@Z 00000001400172a0 f i libucrtd:output.obj
 0001:000163d0       ??$type_case_integer_parse_into_buffer@I$07@?$output_processor@_WV?$string_output_adapter@_W@__crt_stdio_output@@V?$format_validation_base@_WV?$string_output_adapter@_W@__crt_stdio_output@@@2@@__crt_stdio_output@@AEAAXI_N@Z 00000001400173d0 f i libucrtd:output.obj
 0001:00016510       ??$type_case_integer_parse_into_buffer@I$09@?$output_processor@DV?$string_output_adapter@D@__crt_stdio_output@@V?$format_validation_base@DV?$string_output_adapter@D@__crt_stdio_output@@@2@@__crt_stdio_output@@AEAAXI_N@Z 0000000140017510 f i libucrtd:output.obj
 0001:00016640       ??$type_case_integer_parse_into_buffer@I$09@?$output_processor@_WV?$string_output_adapter@_W@__crt_stdio_output@@V?$format_validation_base@_WV?$string_output_adapter@_W@__crt_stdio_output@@@2@@__crt_stdio_output@@AEAAXI_N@Z 0000000140017640 f i libucrtd:output.obj
 0001:00016780       ??$type_case_integer_parse_into_buffer@I$0BA@@?$output_processor@DV?$string_output_adapter@D@__crt_stdio_output@@V?$format_validation_base@DV?$string_output_adapter@D@__crt_stdio_output@@@2@@__crt_stdio_output@@AEAAXI_N@Z 0000000140017780 f i libucrtd:output.obj
 0001:000168b0       ??$type_case_integer_parse_into_buffer@I$0BA@@?$output_processor@_WV?$string_output_adapter@_W@__crt_stdio_output@@V?$format_validation_base@_WV?$string_output_adapter@_W@__crt_stdio_output@@@2@@__crt_stdio_output@@AEAAXI_N@Z 00000001400178b0 f i libucrtd:output.obj
 0001:000169f0       ??$type_case_integer_parse_into_buffer@_K$07@?$output_processor@DV?$string_output_adapter@D@__crt_stdio_output@@V?$format_validation_base@DV?$string_output_adapter@D@__crt_stdio_output@@@2@@__crt_stdio_output@@AEAAX_K_N@Z 00000001400179f0 f i libucrtd:output.obj
 0001:00016b30       ??$type_case_integer_parse_into_buffer@_K$07@?$output_processor@_WV?$string_output_adapter@_W@__crt_stdio_output@@V?$format_validation_base@_WV?$string_output_adapter@_W@__crt_stdio_output@@@2@@__crt_stdio_output@@AEAAX_K_N@Z 0000000140017b30 f i libucrtd:output.obj
 0001:00016c70       ??$type_case_integer_parse_into_buffer@_K$09@?$output_processor@DV?$string_output_adapter@D@__crt_stdio_output@@V?$format_validation_base@DV?$string_output_adapter@D@__crt_stdio_output@@@2@@__crt_stdio_output@@AEAAX_K_N@Z 0000000140017c70 f i libucrtd:output.obj
 0001:00016db0       ??$type_case_integer_parse_into_buffer@_K$09@?$output_processor@_WV?$string_output_adapter@_W@__crt_stdio_output@@V?$format_validation_base@_WV?$string_output_adapter@_W@__crt_stdio_output@@@2@@__crt_stdio_output@@AEAAX_K_N@Z 0000000140017db0 f i libucrtd:output.obj
 0001:00016ef0       ??$type_case_integer_parse_into_buffer@_K$0BA@@?$output_processor@DV?$string_output_adapter@D@__crt_stdio_output@@V?$format_validation_base@DV?$string_output_adapter@D@__crt_stdio_output@@@2@@__crt_stdio_output@@AEAAX_K_N@Z 0000000140017ef0 f i libucrtd:output.obj
 0001:00017030       ??$type_case_integer_parse_into_buffer@_K$0BA@@?$output_processor@_WV?$string_output_adapter@_W@__crt_stdio_output@@V?$format_validation_base@_WV?$string_output_adapter@_W@__crt_stdio_output@@@2@@__crt_stdio_output@@AEAAX_K_N@Z 0000000140018030 f i libucrtd:output.obj
 0001:00017170       ??$write_multiple_characters@V?$string_output_adapter@D@__crt_stdio_output@@D@__crt_stdio_output@@YAXAEBV?$string_output_adapter@D@0@DHQEAHAEAV__crt_cached_ptd_host@@@Z 0000000140018170 f i libucrtd:output.obj
 0001:000171e0       ??$write_multiple_characters@V?$string_output_adapter@_W@__crt_stdio_output@@D@__crt_stdio_output@@YAXAEBV?$string_output_adapter@_W@0@DHQEAHAEAV__crt_cached_ptd_host@@@Z 00000001400181e0 f i libucrtd:output.obj
 0001:00017250       ??0?$c_string_character_source@D@__crt_strtox@@QEAA@QEBDQEAPEBD@Z 0000000140018250 f i libucrtd:output.obj
 0001:00017250       ??0?$c_string_character_source@_W@__crt_strtox@@QEAA@QEB_WQEAPEB_W@Z 0000000140018250 f i libucrtd:output.obj
 0001:000172a0       ??0?$common_data@D@__crt_stdio_output@@IEAA@AEAV__crt_cached_ptd_host@@@Z 00000001400182a0 f i libucrtd:output.obj
 0001:00017360       ??0?$common_data@_W@__crt_stdio_output@@IEAA@AEAV__crt_cached_ptd_host@@@Z 0000000140018360 f i libucrtd:output.obj
 0001:00017420       ??0?$output_adapter_data@DV?$string_output_adapter@D@__crt_stdio_output@@@__crt_stdio_output@@IEAA@AEBV?$string_output_adapter@D@1@_KQEBDAEAV__crt_cached_ptd_host@@QEAD@Z 0000000140018420 f i libucrtd:output.obj
 0001:000174a0       ??0?$output_adapter_data@_WV?$string_output_adapter@_W@__crt_stdio_output@@@__crt_stdio_output@@IEAA@AEBV?$string_output_adapter@_W@1@_KQEB_WAEAV__crt_cached_ptd_host@@QEAD@Z 00000001400184a0 f i libucrtd:output.obj
 0001:00017520       ??0?$output_processor@DV?$string_output_adapter@D@__crt_stdio_output@@V?$format_validation_base@DV?$string_output_adapter@D@__crt_stdio_output@@@2@@__crt_stdio_output@@QEAA@AEBV?$string_output_adapter@D@1@_KQEBDAEAV__crt_cached_ptd_host@@QEAD@Z 0000000140018520 f i libucrtd:output.obj
 0001:00017570       ??0?$output_processor@_WV?$string_output_adapter@_W@__crt_stdio_output@@V?$format_validation_base@_WV?$string_output_adapter@_W@__crt_stdio_output@@@2@@__crt_stdio_output@@QEAA@AEBV?$string_output_adapter@_W@1@_KQEB_WAEAV__crt_cached_ptd_host@@QEAD@Z 0000000140018570 f i libucrtd:output.obj
 0001:000175c0       ??0formatting_buffer@__crt_stdio_output@@QEAA@XZ 00000001400185c0 f i libucrtd:output.obj
 0001:00017600       ??0guard@?$cached@H@__crt_cached_ptd_host@@QEAA@AEAU12@@Z 0000000140018600 f i libucrtd:output.obj
 0001:00017640       ??1?$c_string_character_source@D@__crt_strtox@@QEAA@XZ 0000000140018640 f i libucrtd:output.obj
 0001:00017640       ??1?$c_string_character_source@_W@__crt_strtox@@QEAA@XZ 0000000140018640 f i libucrtd:output.obj
 0001:00017670       ??1?$common_data@D@__crt_stdio_output@@QEAA@XZ 0000000140018670 f i libucrtd:output.obj
 0001:00017670       ??1?$common_data@_W@__crt_stdio_output@@QEAA@XZ 0000000140018670 f i libucrtd:output.obj
 0001:00017690       ??1?$format_validation_base@DV?$string_output_adapter@D@__crt_stdio_output@@@__crt_stdio_output@@QEAA@XZ 0000000140018690 f i libucrtd:output.obj
 0001:00017690       ??1?$format_validation_base@_WV?$string_output_adapter@_W@__crt_stdio_output@@@__crt_stdio_output@@QEAA@XZ 0000000140018690 f i libucrtd:output.obj
 0001:000176b0       ??1?$output_adapter_data@DV?$string_output_adapter@D@__crt_stdio_output@@@__crt_stdio_output@@QEAA@XZ 00000001400186b0 f i libucrtd:output.obj
 0001:000176b0       ??1?$output_adapter_data@_WV?$string_output_adapter@_W@__crt_stdio_output@@@__crt_stdio_output@@QEAA@XZ 00000001400186b0 f i libucrtd:output.obj
 0001:000176d0       ??1?$output_processor@DV?$string_output_adapter@D@__crt_stdio_output@@V?$format_validation_base@DV?$string_output_adapter@D@__crt_stdio_output@@@2@@__crt_stdio_output@@QEAA@XZ 00000001400186d0 f i libucrtd:output.obj
[...]
 0002:000126f0       $unwind$__acrt_fp_format   00000001400536f0     libucrtd:cvt.obj
 0002:000126f8       $unwind$?fp_format_nan_or_infinity@@YAHW4__acrt_fp_class@@_NPEAD_K1@Z 00000001400536f8     libucrtd:cvt.obj
 0002:00012700       $unwind$?fe_to_nearest@@YA_NQEBN_KF@Z 0000000140053700     libucrtd:cvt.obj
 0002:00012708       $unwind$?should_round_up@@YA_NQEBN_KFW4__acrt_rounding_mode@@@Z 0000000140053708     libucrtd:cvt.obj
 0002:00012710       $unwind$?fp_format_f@@YAHQEBNQEAD_K12HW4__acrt_rounding_mode@@AEAV__crt_cached_ptd_host@@@Z 0000000140053710     libucrtd:cvt.obj
 0002:00012718       $unwind$?fp_format_g@@YAHQEBNQEAD_K12H_NIW4__acrt_rounding_mode@@AEAV__crt_cached_ptd_host@@@Z 0000000140053718     libucrtd:cvt.obj
 0002:00012718       $unwind$?__mbsrtowcs_utf8@__crt_mbstring@@YA_KPEA_WPEAPEBD_KPEAU_Mbstatet@@AEAV__crt_cached_ptd_host@@@Z 0000000140053718     libucrtd:mbrtowc.obj
 0002:00012724       $unwind$_wctomb_internal   0000000140053724     libucrtd:wctomb.obj
 0002:00012730       $unwind$_mbtowc_internal   0000000140053730     libucrtd:mbtowc.obj
 0002:00012738       $unwind$_VCrtDbgReportA    0000000140053738     libucrtd:dbgrptt.obj
 0002:00012770       $unwind$_VCrtDbgReportW    0000000140053770     libucrtd:dbgrptt.obj
 0002:000127a8       $unwind$__acrt_OutputDebugStringA 00000001400537a8     libucrtd:outputdebugstringa.obj
 0002:000127bc       $unwind$qsort              00000001400537bc     libucrtd:qsort.obj
 0002:000127cc       $unwind$?shortsort@@YAXPEAD0_KP6AHPEBX2@Z@Z 00000001400537cc     libucrtd:qsort.obj
 0002:000127dc       $stateUnwindMap$?shortsort@@YAXPEAD0_KP6AHPEBX2@Z@Z 00000001400537dc     libucrtd:qsort.obj
 0002:000127e8       $ip2state$?shortsort@@YAXPEAD0_KP6AHPEBX2@Z@Z 00000001400537e8     libucrtd:qsort.obj
 0002:00012800       $unwind$strpbrk            0000000140053800     libucrtd:strpbrk.obj
 0002:00012808       $unwind$fallbackMethod     0000000140053808     libucrtd:strpbrk.obj
 0002:00012818       $unwind$_mbsdec_l          0000000140053818     libucrtd:mbsdec.obj
 0002:00012820       $unwind$?__acrt_LCMapStringA_stat@@YAHPEAU__crt_locale_pointers@@PEB_WKPEBDHPEADHHH@Z 0000000140053820     libucrtd:lcmapstringa.obj
 0002:00012828       $unwind$??$common_xtox@KD@@YAHKQEAD_KI_N@Z 0000000140053828     libucrtd:xtoa.obj
 0002:00012828       $unwind$??$common_xtox@K_W@@YAHKQEA_W_KI_N@Z 0000000140053828     libucrtd:xtoa.obj
 0002:00012830       $unwind$?common_flush_all@@YAH_N@Z 0000000140053830     libucrtd:fflush.obj
 0002:00012840       $ip2state$?common_flush_all@@YAH_N@Z 0000000140053840     libucrtd:fflush.obj
 0002:00012848       $unwind$??$__acrt_lock_stream_and_call@V<lambda_c5860995281e5c4ce005b3de8f5874ee>@@@@YAXQEAU_iobuf@@$$QEAV<lambda_c5860995281e5c4ce005b3de8f5874ee>@@@Z 0000000140053848     libucrtd:fflush.obj
 0002:00012858       $ip2state$??$__acrt_lock_stream_and_call@V<lambda_c5860995281e5c4ce005b3de8f5874ee>@@@@YAXQEAU_iobuf@@$$QEAV<lambda_c5860995281e5c4ce005b3de8f5874ee>@@@Z 0000000140053858     libucrtd:fflush.obj
 0002:00012860       $unwind$??$__acrt_lock_and_call@V<lambda_ab61a845afdef5b7c387490eaf3616ee>@@@@YAXW4__acrt_lock_id@@$$QEAV<lambda_ab61a845afdef5b7c387490eaf3616ee>@@@Z 0000000140053860     libucrtd:fflush.obj
 0002:00012870       $ip2state$??$__acrt_lock_and_call@V<lambda_ab61a845afdef5b7c387490eaf3616ee>@@@@YAXW4__acrt_lock_id@@$$QEAV<lambda_ab61a845afdef5b7c387490eaf3616ee>@@@Z 0000000140053870     libucrtd:fflush.obj
 0002:00012878       $unwind$??$?RV<lambda_842d9ff0dc9ef11c61343bbaebe7f885>@@AEAV<lambda_c5860995281e5c4ce005b3de8f5874ee>@@V<lambda_d90129c13df834fdcbf8d2b88dafcf2d>@@@?$__crt_seh_guarded_call@X@@QEAAX$$QEAV<lambda_842d9ff0dc9ef11c61343bbaebe7f885>@@AEAV<lambda_c5860995281e5c4ce005b3de8f5874ee>@@$$QEAV<lambda_d90129c13df834fdcbf8d2b88dafcf2d>@@@Z 0000000140053878     libucrtd:fflush.obj
 0002:00012898       $unwind$??$?RV<lambda_886d6c58226a84441f68b9f2b8217b83>@@AEAV<lambda_ab61a845afdef5b7c387490eaf3616ee>@@V<lambda_f7f22ab5edc0698d5f6905b0d3f44752>@@@?$__crt_seh_guarded_call@X@@QEAAX$$QEAV<lambda_886d6c58226a84441f68b9f2b8217b83>@@AEAV<lambda_ab61a845afdef5b7c387490eaf3616ee>@@$$QEAV<lambda_f7f22ab5edc0698d5f6905b0d3f44752>@@@Z 0000000140053898     libucrtd:fflush.obj
 0002:000128b8       $unwind$__acrt_fltout      00000001400538b8     libucrtd:cfout.obj
 0002:000128c0       $unwind$?make_big_integer@__crt_strtox@@YA?AUbig_integer@1@_K@Z 00000001400538c0     libucrtd:cfout.obj
 0002:000128d0       $unwind$?make_big_integer_power_of_two@__crt_strtox@@YA?AUbig_integer@1@I@Z 00000001400538d0     libucrtd:cfout.obj
 0002:000128e0       $unwind$?shift_left@__crt_strtox@@YA_NAEAUbig_integer@1@I@Z 00000001400538e0     libucrtd:cfout.obj
 0002:000128f0       $unwind$?add_multiply_carry@__crt_strtox@@YAIAEAIIII@Z 00000001400538f0     libucrtd:cfout.obj
 0002:000128f8       $unwind$?multiply@__crt_strtox@@YA_NAEAUbig_integer@1@I@Z 00000001400538f8     libucrtd:cfout.obj
 0002:00012908       $unwind$?multiply@__crt_strtox@@YA_NAEAUbig_integer@1@AEBU21@@Z 0000000140053908     libucrtd:cfout.obj
 0002:00012918       $unwind$?multiply_by_power_of_ten@__crt_strtox@@YA_NAEAUbig_integer@1@I@Z 0000000140053918     libucrtd:cfout.obj
 0002:00012928       $unwind$?divide@__crt_strtox@@YA_KAEAUbig_integer@1@AEBU21@@Z 0000000140053928     libucrtd:cfout.obj
 0002:00012938       $unwind$??0fp_control_word_guard@?A0x71ca7cfb@@QEAA@II@Z 0000000140053938     libucrtd:cfout.obj
 0002:00012940       $unwind$??$convert_to_fos_high_precision@N@@YA?AW4__acrt_has_trailing_digits@@NIW4__acrt_precision_style@@QEAHQEAD_K@Z 0000000140053940     libucrtd:cfout.obj
 0002:00012950       $unwind$?__c32rtomb_utf8@__crt_mbstring@@YA_KPEAD_UPEAU_Mbstatet@@AEAV__crt_cached_ptd_host@@@Z 0000000140053950     libucrtd:c32rtomb.obj
 0002:00012958       $unwind$_fcloseall         0000000140053958     libucrtd:closeall.obj
 0002:00012978       $unwind$?_mbstowcs_l_helper@@YA_KPEA_WPEBD_KAEAV__crt_cached_ptd_host@@@Z 0000000140053978     libucrtd:mbstowcs.obj
 0002:00012990       $ip2state$?_mbstowcs_l_helper@@YA_KPEA_WPEBD_KAEAV__crt_cached_ptd_host@@@Z 0000000140053990     libucrtd:mbstowcs.obj
 0002:00012998       $unwind$?_wcstombs_l_helper@@YA_KPEADPEB_W_KAEAV__crt_cached_ptd_host@@@Z 0000000140053998     libucrtd:wcstombs.obj
 0002:000129ac       $unwind$??$__acrt_lowio_lock_fh_and_call@V<lambda_3e4146214822e0ea86c47ff907aef2ff>@@@@YAHH$$QEAV<lambda_3e4146214822e0ea86c47ff907aef2ff>@@@Z 00000001400539ac     libucrtd:commit.obj
 0002:000129c0       $ip2state$??$__acrt_lowio_lock_fh_and_call@V<lambda_3e4146214822e0ea86c47ff907aef2ff>@@@@YAHH$$QEAV<lambda_3e4146214822e0ea86c47ff907aef2ff>@@@Z 00000001400539c0     libucrtd:commit.obj
 0002:000129c8       $unwind$??$?RV<lambda_7d29013d608e9f25a034de83c9b9e983>@@AEAV<lambda_3e4146214822e0ea86c47ff907aef2ff>@@V<lambda_b869e5a4e1069fcb5c3da79c0d999133>@@@?$__crt_seh_guarded_call@H@@QEAAH$$QEAV<lambda_7d29013d608e9f25a034de83c9b9e983>@@AEAV<lambda_3e4146214822e0ea86c47ff907aef2ff>@@$$QEAV<lambda_b869e5a4e1069fcb5c3da79c0d999133>@@@Z 00000001400539c8     libucrtd:commit.obj
 0002:000129e8       $unwind$_write_nolock      00000001400539e8     libucrtd:write.obj
 0002:000129fc       $unwind$_write_internal    00000001400539fc     libucrtd:write.obj
 0002:00012a1c       $unwind$?write_double_translated_ansi_nolock@@YA?AUwrite_result@?A0x17268360@@HQEBDIAEAV__crt_cached_ptd_host@@@Z 0000000140053a1c     libucrtd:write.obj
 0002:00012a38       $ip2state$?write_double_translated_ansi_nolock@@YA?AUwrite_result@?A0x17268360@@HQEBDIAEAV__crt_cached_ptd_host@@@Z 0000000140053a38     libucrtd:write.obj
 0002:00012a40       $unwind$?write_double_translated_unicode_nolock@@YA?AUwrite_result@?A0x17268360@@QEBDI@Z 0000000140053a40     libucrtd:write.obj
 0002:00012a54       $unwind$?write_text_ansi_nolock@@YA?AUwrite_result@?A0x17268360@@HQEBDI@Z 0000000140053a54     libucrtd:write.obj
 0002:00012a54       $unwind$?write_text_utf16le_nolock@@YA?AUwrite_result@?A0x17268360@@HQEBDI@Z 0000000140053a54     libucrtd:write.obj
 0002:00012a68       $unwind$?write_text_utf8_nolock@@YA?AUwrite_result@?A0x17268360@@HQEBDI@Z 0000000140053a68     libucrtd:write.obj
 0002:00012a7c       $unwind$?write_binary_nolock@@YA?AUwrite_result@?A0x17268360@@HQEBDI@Z 0000000140053a7c     libucrtd:write.obj
 0002:00012a90       $xdatasym                  0000000140053a90     libucrtd:log10.obj
 0002:00012a9c       $unwind$ceil               0000000140053a9c     libucrtd:ceil.obj
 0002:00012aa4       $unwind$?return_illegal_sequence@__crt_mbstring@@YA_KPEAU_Mbstatet@@AEAV__crt_cached_ptd_host@@@Z 0000000140053aa4     libucrtd:common_utf8.obj
 0002:00012aac       $unwind$?reset_and_return@__crt_mbstring@@YA_K_KPEAU_Mbstatet@@@Z 0000000140053aac     libucrtd:common_utf8.obj
 0002:00012ab4       $unwind$?__mbrtoc32_utf8@__crt_mbstring@@YA_KPEA_UPEBD_KPEAU_Mbstatet@@AEAV__crt_cached_ptd_host@@@Z 0000000140053ab4     libucrtd:mbrtoc32.obj
 0002:00012ac4       $unwind$?_fclose_internal@@YAHQEAU_iobuf@@AEAV__crt_cached_ptd_host@@@Z 0000000140053ac4     libucrtd:fclose.obj
 0002:00012ae4       $unwind$?__wcsrtombs_utf8@__crt_mbstring@@YA_KPEADPEAPEB_W_KPEAU_Mbstatet@@AEAV__crt_cached_ptd_host@@@Z 0000000140053ae4     libucrtd:wcrtomb.obj
 0002:00012af4       $unwind$__acrt_initialize_fma3 0000000140053af4     libucrtd:fma3_available.obj
 0002:00012b04       $unwind$_log_special_common 0000000140053b04     libucrtd:log_special.obj
 0002:00012b14       $unwind$_log10_special     0000000140053b14     libucrtd:log_special.obj
 0002:00012b1c       $unwind$_handle_error      0000000140053b1c     libucrtd:libm_error.obj
 0002:00012b2c       $unwind$common_control87   0000000140053b2c     libucrtd:ieee.obj
 0002:00012b4c       $unwind$??$__acrt_lowio_lock_fh_and_call@V<lambda_af29824b49a67d335554598d6cad2be6>@@@@YAHH$$QEAV<lambda_af29824b49a67d335554598d6cad2be6>@@@Z 0000000140053b4c     libucrtd:close.obj
 0002:00012b60       $ip2state$??$__acrt_lowio_lock_fh_and_call@V<lambda_af29824b49a67d335554598d6cad2be6>@@@@YAHH$$QEAV<lambda_af29824b49a67d335554598d6cad2be6>@@@Z 0000000140053b60     libucrtd:close.obj
 0002:00012b68       $unwind$??$?RV<lambda_19eaff14c5fe7be5b1b106a862eb1091>@@AEAV<lambda_af29824b49a67d335554598d6cad2be6>@@V<lambda_3ce37f5b621ab310299ea5f68cbdf3bb>@@@?$__crt_seh_guarded_call@H@@QEAAH$$QEAV<lambda_19eaff14c5fe7be5b1b106a862eb1091>@@AEAV<lambda_af29824b49a67d335554598d6cad2be6>@@$$QEAV<lambda_3ce37f5b621ab310299ea5f68cbdf3bb>@@@Z 0000000140053b68     libucrtd:close.obj
 0002:00012b88       $unwind$?__c16rtomb_utf8@__crt_mbstring@@YA_KPEAD_SPEAU_Mbstatet@@AEAV__crt_cached_ptd_host@@@Z 0000000140053b88     libucrtd:c16rtomb.obj
 0002:00012b90       $unwind$??$console_output_reopen_and_retry@V<lambda_61c1b8a38cedca4df5fdc542e6ccae6d>@@@@YAHAEBV<lambda_61c1b8a38cedca4df5fdc542e6ccae6d>@@@Z 0000000140053b90     libucrtd:initcon.obj
 0002:00012ba0       $ip2state$??$console_output_reopen_and_retry@V<lambda_61c1b8a38cedca4df5fdc542e6ccae6d>@@@@YAHAEBV<lambda_61c1b8a38cedca4df5fdc542e6ccae6d>@@@Z 0000000140053ba0     libucrtd:initcon.obj
 0002:00012ba8       $unwind$_ctrlfp            0000000140053ba8     libucrtd:fpctrl.obj
 0002:00012bc8       $xdatasym                  0000000140053bc8     libucrtd:fpsr.obj
 0002:00012bd0       $unwind$_IsNonwritableInCurrentImage 0000000140053bd0     LIBCMTD:pesect.obj
 0002:00013140       .idata$6                   0000000140054140     user32:USER32.dll
 0002:0001316c       .idata$6                   000000014005416c     Gdi32:GDI32.dll
 0002:00013188       .idata$6                   0000000140054188     winmm:WINMM.dll
 0002:00013450       .idata$6                   0000000140054450     kernel32:KERNEL32.dll
 0003:00000000       ?XInputGetState_@@3P6AKKPEAU_XINPUT_STATE@@@ZEA 0000000140055000     win32_handmade.obj
 0003:00000008       ?XInputSetState_@@3P6AKKPEAU_XINPUT_VIBRATION@@@ZEA 0000000140055008     win32_handmade.obj
 0003:000000c0       ?__vcrt_flsindex@@3KA      00000001400550c0     libvcruntimed:per_thread_data.obj
 0003:000000d0       ?__acrt_current_request_number@@3JA 00000001400550d0     libucrtd:debug_heap.obj
 0003:000000f0       ?__acrt_flsindex@@3KA      00000001400550f0     libucrtd:per_thread_data.obj
 0003:000000f4       ?errno_no_memory@@3HA      00000001400550f4     libucrtd:errno.obj
 0003:000000f8       ?doserrno_no_memory@@3KA   00000001400550f8     libucrtd:errno.obj
 0003:00000330       _mbctypes                  0000000140055330     libucrtd:mbctype.obj
 0003:00000440       _mbcasemaps                0000000140055440     libucrtd:mbctype.obj
 0003:00000540       ?__rgctypeflag@@3PADA      0000000140055540     libucrtd:mbctype.obj
 0003:00000550       ?__rgcode_page_info@@3PAUcode_page_info@@A 0000000140055550     libucrtd:mbctype.obj
 0003:00000860       ?__acrt_debug_fill_threshold@@3_KA 0000000140055860     libucrtd:debug_fill_threshold.obj
 0003:00000ab0       ?dazSupported@?1??common_control87@@9@9 0000000140055ab0     libucrtd:ieee.obj
 0003:00000ab8       ?__dcrt_lowio_console_output_handle@@3PEAXEA 0000000140055ab8     libucrtd:initcon.obj
 0003:00000ac0       ?dazSupported@?1??_ctrlfp@@9@9 0000000140055ac0     libucrtd:fpctrl.obj
 0003:00000b40       ?GlobalRunning@@3HA        0000000140055b40     win32_handmade.obj
 0003:00000b44       ?GlobalPause@@3HA          0000000140055b44     win32_handmade.obj
 0003:00000b48       ?GlobalSecondaryBuffer@@3PEAUIDirectSoundBuffer@@EA 0000000140055b48     win32_handmade.obj
 0003:00000b50       ?GlobalBackBuffer@@3Uwin32_offscreen_buffer@@A 0000000140055b50     win32_handmade.obj
 0003:00000b98       ?GlobalPerfCountFrequency@@3_JA 0000000140055b98     win32_handmade.obj
 0003:00000ba0       GS_ExceptionRecord         0000000140055ba0     LIBCMTD:gs_report.obj
 0003:00000c40       GS_ContextRecord           0000000140055c40     LIBCMTD:gs_report.obj
 0003:00001120       ?is_initialized_as_dll@@3_NA 0000000140056120     LIBCMTD:utility.obj
 0003:00001121       ?module_local_atexit_table_initialized@@3_NA 0000000140056121     LIBCMTD:utility.obj
 0003:00001128       ?module_local_atexit_table@@3U_onexit_table_t@@A 0000000140056128     LIBCMTD:utility.obj
 0003:00001140       ?module_local_at_quick_exit_table@@3U_onexit_table_t@@A 0000000140056140     LIBCMTD:utility.obj
 0003:000011a0       ?__vcrt_startup_thread_ptd@@3U__vcrt_ptd@@A 00000001400561a0     libvcruntimed:per_thread_data.obj
 0003:00001220       __vcrt_lock_table          0000000140056220     libvcruntimed:locks.obj
 0003:00001248       __vcrt_locks_initialized   0000000140056248     libvcruntimed:locks.obj
 0003:00001290       ?heap@@3V_HeapManager@@A   0000000140056290     libvcruntimed:undname.obj
 0003:000012b8       ?module_handles@@3PAPEAUHINSTANCE__@@A 00000001400562b8     libvcruntimed:winapi_downlevel.obj
 0003:000012d0       ?function_pointers@@3PAPEAXA 00000001400562d0     libvcruntimed:winapi_downlevel.obj
 0003:00001300       ?__acrt_app_type@@3W4_crt_app_type@@A 0000000140056300     libucrtd:report_runtime_error.obj
 0003:00001310       ?outmsg@?9??__acrt_report_runtime_error@@9@4PA_WA 0000000140056310     libucrtd:report_runtime_error.obj
 0003:00001938       ?user_matherr@@3V?$dual_state_global@P6AHPEAU_exception@@@Z@__crt_state_management@@A 0000000140056938     libucrtd:matherr.obj
 0003:00001940       ?program_name@?1???$common_configure_argv@D@@YAHW4_crt_argv_mode@@@Z@4PADA 0000000140056940     libucrtd:argv_parsing.obj
 0003:00001a68       ?empty_string@?1???$common_wincmdln@E@@YAPEAEXZ@4PAEA 0000000140056a68     libucrtd:argv_winmain.obj
 0003:00001a6c       ?c_termination_complete@@3JA 0000000140056a6c     libucrtd:exit.obj
 0003:00001a70       ?thread_local_exit_callback_func@@3P6AXPEAXK0@ZEA 0000000140056a70     libucrtd:exit.obj
 0003:00001a78       ?c_exit_complete@?1???R<lambda_6e4b09c48022b2350581041d5f6b0c4c>@@QEBA@XZ@4_NA 0000000140056a78     libucrtd:exit.obj
 0003:00001a80       ?__acrt_global_new_mode@@3V?$dual_state_global@J@__crt_state_management@@A 0000000140056a80     libucrtd:new_mode.obj
 0003:00001ab8       ?__acrt_first_block@@3PEAU_CrtMemBlockHeader@@EA 0000000140056ab8     libucrtd:debug_heap.obj
 0003:00001ac0       ?__acrt_last_block@@3PEAU_CrtMemBlockHeader@@EA 0000000140056ac0     libucrtd:debug_heap.obj
 0003:00001ac8       ?__acrt_total_allocations@@3_KA 0000000140056ac8     libucrtd:debug_heap.obj
 0003:00001ad0       ?__acrt_current_allocations@@3_KA 0000000140056ad0     libucrtd:debug_heap.obj
 0003:00001ad8       ?__acrt_max_allocations@@3_KA 0000000140056ad8     libucrtd:debug_heap.obj
 0003:00001ae0       ?__acrt_check_frequency@@3IA 0000000140056ae0     libucrtd:debug_heap.obj
 0003:00001ae4       ?__acrt_check_counter@@3IA 0000000140056ae4     libucrtd:debug_heap.obj
 0003:00001af0       ?heap_validation_pending@@3_NA 0000000140056af0     libucrtd:debug_heap.obj
 0003:00001af8       ?__acrt_invalid_parameter_handler@@3V?$dual_state_global@P6AXPEB_W00I_K@Z@__crt_state_management@@A 0000000140056af8     libucrtd:invalid_parameter.obj
 0003:00001b00       __acrt_error_mode          0000000140056b00     libucrtd:set_error_mode.obj
 0003:00001b20       ?fSystemSet@@3HA           0000000140056b20     libucrtd:mbctype.obj
 0003:00001b24       ?initialized@?1??__acrt_initialize_multibyte@@9@4_NA 0000000140056b24     libucrtd:mbctype.obj
 0003:00001b60       ?__acrt_lock_table@@3PAU_RTL_CRITICAL_SECTION@@A 0000000140056b60     libucrtd:locks.obj
 0003:00001d90       ?__acrt_locks_initialized@@3IA 0000000140056d90     libucrtd:locks.obj
 0003:00001d94       ?state_cache@?1???$get_cached_win_policy@Udeveloper_information_policy_properties@?1??__acrt_get_developer_information_policy@@YA?AW4developer_information_policy@@XZ@@@YA?AW4developer_information_policy@@W4AppPolicyShowDeveloperDiagnostic@@@Z@4JA 0000000140056d94     libucrtd:win_policies.obj
 0003:00001d98       ?state_cache@?1???$get_cached_win_policy@Uwindowing_model_policy_properties@?1??__acrt_get_windowing_model_policy@@YA?AW4windowing_model_policy@@XZ@@@YA?AW4windowing_model_policy@@W4AppPolicyWindowingModel@@@Z@4JA 0000000140056d98     libucrtd:win_policies.obj
 0003:000021b0       ?module_handles@@3PAPEAUHINSTANCE__@@A 00000001400571b0     libucrtd:winapi_thunks.obj
 0003:00002260       ?encoded_function_pointers@@3PAPEAXA 0000000140057260     libucrtd:winapi_thunks.obj
 0003:00002368       ?__acrt_new_handler@@3V?$dual_state_global@P6AH_K@Z@__crt_state_management@@A 0000000140057368     libucrtd:new_handler.obj
 0003:00002370       ?ctrlc_action@@3V?$dual_state_global@P6AXH@Z@__crt_state_management@@A 0000000140057370     libucrtd:signal.obj
 0003:00002378       ?ctrlbreak_action@@3V?$dual_state_global@P6AXH@Z@__crt_state_management@@A 0000000140057378     libucrtd:signal.obj
 0003:00002380       ?abort_action@@3V?$dual_state_global@P6AXH@Z@__crt_state_management@@A 0000000140057380     libucrtd:signal.obj
 0003:00002388       ?term_action@@3V?$dual_state_global@P6AXH@Z@__crt_state_management@@A 0000000140057388     libucrtd:signal.obj
 0003:000023a0       ?internal_state@?1??_mbtowc_internal@@9@4U_Mbstatet@@A 00000001400573a0     libucrtd:mbtowc.obj
 0003:000023b8       ?enable_percent_n@@3_KA    00000001400573b8     libucrtd:printf_count_output.obj
 0003:000023d8       ?internal_pst@?1??__mbrtoc32_utf8@__crt_mbstring@@YA_KPEA_UPEBD_KPEAU_Mbstatet@@AEAV__crt_cached_ptd_host@@@Z@4U3@A 00000001400573d8     libucrtd:mbrtoc32.obj
 0003:000023e8       ?internal_pst@?1??__c16rtomb_utf8@__crt_mbstring@@YA_KPEAD_SPEAU_Mbstatet@@AEAV__crt_cached_ptd_host@@@Z@4U3@A 00000001400573e8     libucrtd:c16rtomb.obj
